Component: ARM Compiler 5.06 update 5 (build 528) Tool: armlink [4d35e2]

==============================================================================

Section Cross References

    startup_stm32f103xb.o(RESET) refers to startup_stm32f103xb.o(STACK) for __initial_sp
    startup_stm32f103xb.o(RESET) refers to startup_stm32f103xb.o(.text) for Reset_Handler
    startup_stm32f103xb.o(RESET) refers to stm32f1xx_it.o(i.NMI_Handler) for NMI_Handler
    startup_stm32f103xb.o(RESET) refers to stm32f1xx_it.o(i.HardFault_Handler) for HardFault_Handler
    startup_stm32f103xb.o(RESET) refers to stm32f1xx_it.o(i.MemManage_Handler) for MemManage_Handler
    startup_stm32f103xb.o(RESET) refers to stm32f1xx_it.o(i.BusFault_Handler) for BusFault_Handler
    startup_stm32f103xb.o(RESET) refers to stm32f1xx_it.o(i.UsageFault_Handler) for UsageFault_Handler
    startup_stm32f103xb.o(RESET) refers to stm32f1xx_it.o(i.SVC_Handler) for SVC_Handler
    startup_stm32f103xb.o(RESET) refers to stm32f1xx_it.o(i.DebugMon_Handler) for DebugMon_Handler
    startup_stm32f103xb.o(RESET) refers to stm32f1xx_it.o(i.PendSV_Handler) for PendSV_Handler
    startup_stm32f103xb.o(RESET) refers to stm32f1xx_it.o(i.SysTick_Handler) for SysTick_Handler
    startup_stm32f103xb.o(RESET) refers to stm32f1xx_it.o(i.USART1_IRQHandler) for USART1_IRQHandler
    startup_stm32f103xb.o(RESET) refers to stm32f1xx_it.o(i.USART2_IRQHandler) for USART2_IRQHandler
    startup_stm32f103xb.o(.text) refers to system_stm32f1xx.o(i.SystemInit) for SystemInit
    startup_stm32f103xb.o(.text) refers to entry.o(.ARM.Collect$$$$00000000) for __main
    main.o(i.SystemClock_Config) refers to memseta.o(.text) for __aeabi_memclr4
    main.o(i.SystemClock_Config) refers to stm32f1xx_hal_rcc.o(i.HAL_RCC_OscConfig) for HAL_RCC_OscConfig
    main.o(i.SystemClock_Config) refers to stm32f1xx_hal_rcc.o(i.HAL_RCC_ClockConfig) for HAL_RCC_ClockConfig
    main.o(i.main) refers to stm32f1xx_hal.o(i.HAL_Init) for HAL_Init
    main.o(i.main) refers to main.o(i.SystemClock_Config) for SystemClock_Config
    main.o(i.main) refers to gpio.o(i.MX_GPIO_Init) for MX_GPIO_Init
    main.o(i.main) refers to spi.o(i.MX_SPI2_Init) for MX_SPI2_Init
    main.o(i.main) refers to usart.o(i.MX_USART1_UART_Init) for MX_USART1_UART_Init
    main.o(i.main) refers to tim.o(i.MX_TIM2_Init) for MX_TIM2_Init
    main.o(i.main) refers to tim.o(i.MX_TIM3_Init) for MX_TIM3_Init
    main.o(i.main) refers to usart.o(i.MX_USART2_UART_Init) for MX_USART2_UART_Init
    main.o(i.main) refers to tim.o(i.MX_TIM1_Init) for MX_TIM1_Init
    main.o(i.main) refers to rc522.o(i.RC522_Init) for RC522_Init
    main.o(i.main) refers to sg90.o(i.sg90_init) for sg90_init
    main.o(i.main) refers to dc_motor.o(i.airConditioner_init) for airConditioner_init
    main.o(i.main) refers to usart.o(i.usart_init) for usart_init
    main.o(i.main) refers to sg90.o(i.set_sg90_2_angle) for set_sg90_2_angle
    main.o(i.main) refers to rc522.o(i.ReaderCard) for ReaderCard
    main.o(i.main) refers to usart.o(i.usart1_rx_process) for usart1_rx_process
    main.o(i.main) refers to usart.o(i.usart2_rx_process) for usart2_rx_process
    main.o(i.main) refers to usart.o(.data) for usart1_data_ready
    gpio.o(i.MX_GPIO_Init) refers to stm32f1xx_hal_gpio.o(i.HAL_GPIO_WritePin) for HAL_GPIO_WritePin
    gpio.o(i.MX_GPIO_Init) refers to stm32f1xx_hal_gpio.o(i.HAL_GPIO_Init) for HAL_GPIO_Init
    spi.o(i.HAL_SPI_MspDeInit) refers to stm32f1xx_hal_gpio.o(i.HAL_GPIO_DeInit) for HAL_GPIO_DeInit
    spi.o(i.HAL_SPI_MspInit) refers to stm32f1xx_hal_gpio.o(i.HAL_GPIO_Init) for HAL_GPIO_Init
    spi.o(i.MX_SPI2_Init) refers to stm32f1xx_hal_spi.o(i.HAL_SPI_Init) for HAL_SPI_Init
    spi.o(i.MX_SPI2_Init) refers to main.o(i.Error_Handler) for Error_Handler
    spi.o(i.MX_SPI2_Init) refers to spi.o(.bss) for .bss
    tim.o(i.HAL_TIM_MspPostInit) refers to stm32f1xx_hal_gpio.o(i.HAL_GPIO_Init) for HAL_GPIO_Init
    tim.o(i.MX_TIM1_Init) refers to memseta.o(.text) for __aeabi_memclr4
    tim.o(i.MX_TIM1_Init) refers to stm32f1xx_hal_tim.o(i.HAL_TIM_Base_Init) for HAL_TIM_Base_Init
    tim.o(i.MX_TIM1_Init) refers to main.o(i.Error_Handler) for Error_Handler
    tim.o(i.MX_TIM1_Init) refers to stm32f1xx_hal_tim.o(i.HAL_TIM_ConfigClockSource) for HAL_TIM_ConfigClockSource
    tim.o(i.MX_TIM1_Init) refers to stm32f1xx_hal_tim.o(i.HAL_TIM_PWM_Init) for HAL_TIM_PWM_Init
    tim.o(i.MX_TIM1_Init) refers to stm32f1xx_hal_tim_ex.o(i.HAL_TIMEx_MasterConfigSynchronization) for HAL_TIMEx_MasterConfigSynchronization
    tim.o(i.MX_TIM1_Init) refers to stm32f1xx_hal_tim.o(i.HAL_TIM_PWM_ConfigChannel) for HAL_TIM_PWM_ConfigChannel
    tim.o(i.MX_TIM1_Init) refers to stm32f1xx_hal_tim_ex.o(i.HAL_TIMEx_ConfigBreakDeadTime) for HAL_TIMEx_ConfigBreakDeadTime
    tim.o(i.MX_TIM1_Init) refers to tim.o(i.HAL_TIM_MspPostInit) for HAL_TIM_MspPostInit
    tim.o(i.MX_TIM1_Init) refers to tim.o(.bss) for .bss
    tim.o(i.MX_TIM2_Init) refers to memseta.o(.text) for __aeabi_memclr4
[...]
    Removing stm32f1xx_hal_tim.o(i.HAL_TIM_Base_Stop_DMA), (58 bytes).
    Removing stm32f1xx_hal_tim.o(i.HAL_TIM_Base_Stop_IT), (48 bytes).
    Removing stm32f1xx_hal_tim.o(i.HAL_TIM_ConfigOCrefClear), (216 bytes).
    Removing stm32f1xx_hal_tim.o(i.HAL_TIM_ConfigTI1Input), (16 bytes).
    Removing stm32f1xx_hal_tim.o(i.HAL_TIM_DMABurstState), (6 bytes).
    Removing stm32f1xx_hal_tim.o(i.HAL_TIM_DMABurst_MultiReadStart), (332 bytes).
    Removing stm32f1xx_hal_tim.o(i.HAL_TIM_DMABurst_MultiWriteStart), (332 bytes).
    Removing stm32f1xx_hal_tim.o(i.HAL_TIM_DMABurst_ReadStart), (18 bytes).
    Removing stm32f1xx_hal_tim.o(i.HAL_TIM_DMABurst_ReadStop), (106 bytes).
    Removing stm32f1xx_hal_tim.o(i.HAL_TIM_DMABurst_WriteStart), (18 bytes).
    Removing stm32f1xx_hal_tim.o(i.HAL_TIM_DMABurst_WriteStop), (106 bytes).
    Removing stm32f1xx_hal_tim.o(i.HAL_TIM_Encoder_DeInit), (76 bytes).
    Removing stm32f1xx_hal_tim.o(i.HAL_TIM_Encoder_GetState), (6 bytes).
    Removing stm32f1xx_hal_tim.o(i.HAL_TIM_Encoder_Init), (164 bytes).
    Removing stm32f1xx_hal_tim.o(i.HAL_TIM_Encoder_MspDeInit), (2 bytes).
    Removing stm32f1xx_hal_tim.o(i.HAL_TIM_Encoder_MspInit), (2 bytes).
    Removing stm32f1xx_hal_tim.o(i.HAL_TIM_Encoder_Start), (142 bytes).
    Removing stm32f1xx_hal_tim.o(i.HAL_TIM_Encoder_Start_DMA), (428 bytes).
    Removing stm32f1xx_hal_tim.o(i.HAL_TIM_Encoder_Start_IT), (182 bytes).
    Removing stm32f1xx_hal_tim.o(i.HAL_TIM_Encoder_Stop), (102 bytes).
    Removing stm32f1xx_hal_tim.o(i.HAL_TIM_Encoder_Stop_DMA), (172 bytes).
    Removing stm32f1xx_hal_tim.o(i.HAL_TIM_Encoder_Stop_IT), (144 bytes).
    Removing stm32f1xx_hal_tim.o(i.HAL_TIM_ErrorCallback), (2 bytes).
    Removing stm32f1xx_hal_tim.o(i.HAL_TIM_GenerateEvent), (38 bytes).
    Removing stm32f1xx_hal_tim.o(i.HAL_TIM_GetActiveChannel), (4 bytes).
    Removing stm32f1xx_hal_tim.o(i.HAL_TIM_GetChannelState), (34 bytes).
    Removing stm32f1xx_hal_tim.o(i.HAL_TIM_IC_CaptureCallback), (2 bytes).
    Removing stm32f1xx_hal_tim.o(i.HAL_TIM_IC_CaptureHalfCpltCallback), (2 bytes).
    Removing stm32f1xx_hal_tim.o(i.HAL_TIM_IC_ConfigChannel), (292 bytes).
    Removing stm32f1xx_hal_tim.o(i.HAL_TIM_IC_DeInit), (92 bytes).
    Removing stm32f1xx_hal_tim.o(i.HAL_TIM_IC_GetState), (6 bytes).
    Removing stm32f1xx_hal_tim.o(i.HAL_TIM_IC_Init), (90 bytes).
    Removing stm32f1xx_hal_tim.o(i.HAL_TIM_IC_MspDeInit), (2 bytes).
    Removing stm32f1xx_hal_tim.o(i.HAL_TIM_IC_MspInit), (2 bytes).
    Removing stm32f1xx_hal_tim.o(i.HAL_TIM_IC_Start), (184 bytes).
    Removing stm32f1xx_hal_tim.o(i.HAL_TIM_IC_Start_DMA), (416 bytes).
    Removing stm32f1xx_hal_tim.o(i.HAL_TIM_IC_Start_IT), (228 bytes).
    Removing stm32f1xx_hal_tim.o(i.HAL_TIM_IC_Stop), (82 bytes).
    Removing stm32f1xx_hal_tim.o(i.HAL_TIM_IC_Stop_DMA), (160 bytes).
    Removing stm32f1xx_hal_tim.o(i.HAL_TIM_IC_Stop_IT), (146 bytes).
    Removing stm32f1xx_hal_tim.o(i.HAL_TIM_IRQHandler), (304 bytes).
    Removing stm32f1xx_hal_tim.o(i.HAL_TIM_OC_ConfigChannel), (82 bytes).
    Removing stm32f1xx_hal_tim.o(i.HAL_TIM_OC_DeInit), (92 bytes).
    Removing stm32f1xx_hal_tim.o(i.HAL_TIM_OC_DelayElapsedCallback), (2 bytes).
    Removing stm32f1xx_hal_tim.o(i.HAL_TIM_OC_GetState), (6 bytes).
    Removing stm32f1xx_hal_tim.o(i.HAL_TIM_OC_Init), (90 bytes).
    Removing stm32f1xx_hal_tim.o(i.HAL_TIM_OC_MspDeInit), (2 bytes).
    Removing stm32f1xx_hal_tim.o(i.HAL_TIM_OC_MspInit), (2 bytes).
    Removing stm32f1xx_hal_tim.o(i.HAL_TIM_OC_Start), (156 bytes).
    Removing stm32f1xx_hal_tim.o(i.HAL_TIM_OC_Start_DMA), (404 bytes).
    Removing stm32f1xx_hal_tim.o(i.HAL_TIM_OC_Start_IT), (200 bytes).
    Removing stm32f1xx_hal_tim.o(i.HAL_TIM_OC_Stop), (112 bytes).
    Removing stm32f1xx_hal_tim.o(i.HAL_TIM_OC_Stop_DMA), (196 bytes).
    Removing stm32f1xx_hal_tim.o(i.HAL_TIM_OC_Stop_IT), (176 bytes).
    Removing stm32f1xx_hal_tim.o(i.HAL_TIM_OnePulse_ConfigChannel), (230 bytes).
    Removing stm32f1xx_hal_tim.o(i.HAL_TIM_OnePulse_DeInit), (76 bytes).
    Removing stm32f1xx_hal_tim.o(i.HAL_TIM_OnePulse_GetState), (6 bytes).
    Removing stm32f1xx_hal_tim.o(i.HAL_TIM_OnePulse_Init), (86 bytes).
    Removing stm32f1xx_hal_tim.o(i.HAL_TIM_OnePulse_MspDeInit), (2 bytes).
    Removing stm32f1xx_hal_tim.o(i.HAL_TIM_OnePulse_MspInit), (2 bytes).
    Removing stm32f1xx_hal_tim.o(i.HAL_TIM_OnePulse_Start), (104 bytes).
    Removing stm32f1xx_hal_tim.o(i.HAL_TIM_OnePulse_Start_IT), (124 bytes).
    Removing stm32f1xx_hal_tim.o(i.HAL_TIM_OnePulse_Stop), (100 bytes).
    Removing stm32f1xx_hal_tim.o(i.HAL_TIM_OnePulse_Stop_IT), (120 bytes).
    Removing stm32f1xx_hal_tim.o(i.HAL_TIM_PWM_DeInit), (92 bytes).
    Removing stm32f1xx_hal_tim.o(i.HAL_TIM_PWM_GetState), (6 bytes).
    Removing stm32f1xx_hal_tim.o(i.HAL_TIM_PWM_MspDeInit), (2 bytes).
    Removing stm32f1xx_hal_tim.o(i.HAL_TIM_PWM_PulseFinishedCallback), (2 bytes).
    Removing stm32f1xx_hal_tim.o(i.HAL_TIM_PWM_PulseFinishedHalfCpltCallback), (2 bytes).
    Removing stm32f1xx_hal_tim.o(i.HAL_TIM_PWM_Start_DMA), (404 bytes).
    Removing stm32f1xx_hal_tim.o(i.HAL_TIM_PWM_Start_IT), (200 bytes).
    Removing stm32f1xx_hal_tim.o(i.HAL_TIM_PWM_Stop), (112 bytes).
    Removing stm32f1xx_hal_tim.o(i.HAL_TIM_PWM_Stop_DMA), (196 bytes).
    Removing stm32f1xx_hal_tim.o(i.HAL_TIM_PWM_Stop_IT), (176 bytes).
    Removing stm32f1xx_hal_tim.o(i.HAL_TIM_PeriodElapsedCallback), (2 bytes).
    Removing stm32f1xx_hal_tim.o(i.HAL_TIM_PeriodElapsedHalfCpltCallback), (2 bytes).
    Removing stm32f1xx_hal_tim.o(i.HAL_TIM_ReadCapturedValue), (42 bytes).
    Removing stm32f1xx_hal_tim.o(i.HAL_TIM_SlaveConfigSynchro), (86 bytes).
    Removing stm32f1xx_hal_tim.o(i.HAL_TIM_SlaveConfigSynchro_IT), (86 bytes).
    Removing stm32f1xx_hal_tim.o(i.HAL_TIM_TriggerCallback), (2 bytes).
    Removing stm32f1xx_hal_tim.o(i.HAL_TIM_TriggerHalfCpltCallback), (2 bytes).
    Removing stm32f1xx_hal_tim.o(i.TIM_DMACaptureCplt), (110 bytes).
    Removing stm32f1xx_hal_tim.o(i.TIM_DMACaptureHalfCplt), (56 bytes).
    Removing stm32f1xx_hal_tim.o(i.TIM_DMADelayPulseCplt), (94 bytes).
    Removing stm32f1xx_hal_tim.o(i.TIM_DMADelayPulseHalfCplt), (56 bytes).
    Removing stm32f1xx_hal_tim.o(i.TIM_DMAError), (84 bytes).
    Removing stm32f1xx_hal_tim.o(i.TIM_DMAPeriodElapsedCplt), (22 bytes).
    Removing stm32f1xx_hal_tim.o(i.TIM_DMAPeriodElapsedHalfCplt), (10 bytes).
    Removing stm32f1xx_hal_tim.o(i.TIM_DMATriggerCplt), (22 bytes).
    Removing stm32f1xx_hal_tim.o(i.TIM_DMATriggerHalfCplt), (10 bytes).
    Removing stm32f1xx_hal_tim.o(i.TIM_SlaveTimer_SetConfig), (140 bytes).
    Removing stm32f1xx_hal_tim.o(i.TIM_TI1_SetConfig), (88 bytes).
    Removing stm32f1xx_hal_tim.o(i.TIM_TI2_SetConfig), (54 bytes).
    Removing stm32f1xx_hal_tim_ex.o(.rev16_text), (4 bytes).
    Removing stm32f1xx_hal_tim_ex.o(.revsh_text), (4 bytes).
    Removing stm32f1xx_hal_tim_ex.o(.rrx_text), (6 bytes).
    Removing stm32f1xx_hal_tim_ex.o(i.HAL_TIMEx_BreakCallback), (2 bytes).
    Removing stm32f1xx_hal_tim_ex.o(i.HAL_TIMEx_CommutCallback), (2 bytes).
    Removing stm32f1xx_hal_tim_ex.o(i.HAL_TIMEx_CommutHalfCpltCallback), (2 bytes).
    Removing stm32f1xx_hal_tim_ex.o(i.HAL_TIMEx_ConfigCommutEvent), (112 bytes).
    Removing stm32f1xx_hal_tim_ex.o(i.HAL_TIMEx_ConfigCommutEvent_DMA), (144 bytes).
    Removing stm32f1xx_hal_tim_ex.o(i.HAL_TIMEx_ConfigCommutEvent_IT), (112 bytes).
    Removing stm32f1xx_hal_tim_ex.o(i.HAL_TIMEx_GetChannelNState), (34 bytes).
    Removing stm32f1xx_hal_tim_ex.o(i.HAL_TIMEx_HallSensor_DeInit), (76 bytes).
    Removing stm32f1xx_hal_tim_ex.o(i.HAL_TIMEx_HallSensor_GetState), (6 bytes).
    Removing stm32f1xx_hal_tim_ex.o(i.HAL_TIMEx_HallSensor_Init), (208 bytes).
    Removing stm32f1xx_hal_tim_ex.o(i.HAL_TIMEx_HallSensor_MspDeInit), (2 bytes).
    Removing stm32f1xx_hal_tim_ex.o(i.HAL_TIMEx_HallSensor_MspInit), (2 bytes).
    Removing stm32f1xx_hal_tim_ex.o(i.HAL_TIMEx_HallSensor_Start), (128 bytes).
    Removing stm32f1xx_hal_tim_ex.o(i.HAL_TIMEx_HallSensor_Start_DMA), (184 bytes).
    Removing stm32f1xx_hal_tim_ex.o(i.HAL_TIMEx_HallSensor_Start_IT), (140 bytes).
    Removing stm32f1xx_hal_tim_ex.o(i.HAL_TIMEx_HallSensor_Stop), (58 bytes).
    Removing stm32f1xx_hal_tim_ex.o(i.HAL_TIMEx_HallSensor_Stop_DMA), (70 bytes).
    Removing stm32f1xx_hal_tim_ex.o(i.HAL_TIMEx_HallSensor_Stop_IT), (68 bytes).
    Removing stm32f1xx_hal_tim_ex.o(i.HAL_TIMEx_OCN_Start), (152 bytes).
    Removing stm32f1xx_hal_tim_ex.o(i.HAL_TIMEx_OCN_Start_DMA), (352 bytes).
    Removing stm32f1xx_hal_tim_ex.o(i.HAL_TIMEx_OCN_Start_IT), (192 bytes).
    Removing stm32f1xx_hal_tim_ex.o(i.HAL_TIMEx_OCN_Stop), (104 bytes).
    Removing stm32f1xx_hal_tim_ex.o(i.HAL_TIMEx_OCN_Stop_DMA), (168 bytes).
    Removing stm32f1xx_hal_tim_ex.o(i.HAL_TIMEx_OCN_Stop_IT), (170 bytes).
    Removing stm32f1xx_hal_tim_ex.o(i.HAL_TIMEx_OnePulseN_Start), (100 bytes).
    Removing stm32f1xx_hal_tim_ex.o(i.HAL_TIMEx_OnePulseN_Start_IT), (120 bytes).
    Removing stm32f1xx_hal_tim_ex.o(i.HAL_TIMEx_OnePulseN_Stop), (98 bytes).
    Removing stm32f1xx_hal_tim_ex.o(i.HAL_TIMEx_OnePulseN_Stop_IT), (120 bytes).
    Removing stm32f1xx_hal_tim_ex.o(i.HAL_TIMEx_PWMN_Start), (152 bytes).
    Removing stm32f1xx_hal_tim_ex.o(i.HAL_TIMEx_PWMN_Start_DMA), (352 bytes).
    Removing stm32f1xx_hal_tim_ex.o(i.HAL_TIMEx_PWMN_Start_IT), (192 bytes).
    Removing stm32f1xx_hal_tim_ex.o(i.HAL_TIMEx_PWMN_Stop), (104 bytes).
    Removing stm32f1xx_hal_tim_ex.o(i.HAL_TIMEx_PWMN_Stop_DMA), (168 bytes).
    Removing stm32f1xx_hal_tim_ex.o(i.HAL_TIMEx_PWMN_Stop_IT), (170 bytes).
    Removing stm32f1xx_hal_tim_ex.o(i.HAL_TIMEx_RemapConfig), (4 bytes).
    Removing stm32f1xx_hal_tim_ex.o(i.TIMEx_DMACommutationCplt), (16 bytes).
    Removing stm32f1xx_hal_tim_ex.o(i.TIMEx_DMACommutationHalfCplt), (16 bytes).
    Removing stm32f1xx_hal_tim_ex.o(i.TIM_CCxNChannelCmd), (26 bytes).
    Removing stm32f1xx_hal_tim_ex.o(i.TIM_DMADelayPulseNCplt), (74 bytes).
    Removing stm32f1xx_hal_tim_ex.o(i.TIM_DMAErrorCCxN), (62 bytes).
    Removing stm32f1xx_hal_uart.o(.rev16_text), (4 bytes).
    Removing stm32f1xx_hal_uart.o(.revsh_text), (4 bytes).
    Removing stm32f1xx_hal_uart.o(.rrx_text), (6 bytes).
    Removing stm32f1xx_hal_uart.o(i.HAL_HalfDuplex_EnableReceiver), (50 bytes).
    Removing stm32f1xx_hal_uart.o(i.HAL_HalfDuplex_EnableTransmitter), (50 bytes).
    Removing stm32f1xx_hal_uart.o(i.HAL_HalfDuplex_Init), (110 bytes).
    Removing stm32f1xx_hal_uart.o(i.HAL_LIN_Init), (130 bytes).
    Removing stm32f1xx_hal_uart.o(i.HAL_LIN_SendBreak), (60 bytes).
    Removing stm32f1xx_hal_uart.o(i.HAL_MultiProcessor_EnterMuteMode), (62 bytes).
    Removing stm32f1xx_hal_uart.o(i.HAL_MultiProcessor_ExitMuteMode), (62 bytes).
    Removing stm32f1xx_hal_uart.o(i.HAL_MultiProcessor_Init), (144 bytes).
    Removing stm32f1xx_hal_uart.o(i.HAL_UARTEx_GetRxEventType), (4 bytes).
    Removing stm32f1xx_hal_uart.o(i.HAL_UARTEx_ReceiveToIdle), (240 bytes).
    Removing stm32f1xx_hal_uart.o(i.HAL_UARTEx_ReceiveToIdle_DMA), (74 bytes).
    Removing stm32f1xx_hal_uart.o(i.HAL_UARTEx_ReceiveToIdle_IT), (78 bytes).
    Removing stm32f1xx_hal_uart.o(i.HAL_UART_Abort), (210 bytes).
    Removing stm32f1xx_hal_uart.o(i.HAL_UART_AbortCpltCallback), (2 bytes).
    Removing stm32f1xx_hal_uart.o(i.HAL_UART_AbortReceive), (148 bytes).
    Removing stm32f1xx_hal_uart.o(i.HAL_UART_AbortReceiveCpltCallback), (2 bytes).
    Removing stm32f1xx_hal_uart.o(i.HAL_UART_AbortReceive_IT), (152 bytes).
    Removing stm32f1xx_hal_uart.o(i.HAL_UART_AbortTransmit), (98 bytes).
    Removing stm32f1xx_hal_uart.o(i.HAL_UART_AbortTransmitCpltCallback), (2 bytes).
    Removing stm32f1xx_hal_uart.o(i.HAL_UART_AbortTransmit_IT), (104 bytes).
    Removing stm32f1xx_hal_uart.o(i.HAL_UART_Abort_IT), (244 bytes).
    Removing stm32f1xx_hal_uart.o(i.HAL_UART_DMAPause), (120 bytes).
    Removing stm32f1xx_hal_uart.o(i.HAL_UART_DMAResume), (114 bytes).
    Removing stm32f1xx_hal_uart.o(i.HAL_UART_DMAStop), (112 bytes).
    Removing stm32f1xx_hal_uart.o(i.HAL_UART_DeInit), (54 bytes).
    Removing stm32f1xx_hal_uart.o(i.HAL_UART_GetError), (4 bytes).
    Removing stm32f1xx_hal_uart.o(i.HAL_UART_GetState), (10 bytes).
    Removing stm32f1xx_hal_uart.o(i.HAL_UART_MspDeInit), (2 bytes).
    Removing stm32f1xx_hal_uart.o(i.HAL_UART_MspInit), (2 bytes).
    Removing stm32f1xx_hal_uart.o(i.HAL_UART_Receive), (176 bytes).
    Removing stm32f1xx_hal_uart.o(i.HAL_UART_Receive_DMA), (28 bytes).
    Removing stm32f1xx_hal_uart.o(i.HAL_UART_RxCpltCallback), (2 bytes).
    Removing stm32f1xx_hal_uart.o(i.HAL_UART_RxHalfCpltCallback), (2 bytes).
    Removing stm32f1xx_hal_uart.o(i.HAL_UART_Transmit_DMA), (120 bytes).
    Removing stm32f1xx_hal_uart.o(i.HAL_UART_Transmit_IT), (50 bytes).
    Removing stm32f1xx_hal_uart.o(i.HAL_UART_TxHalfCpltCallback), (2 bytes).
    Removing stm32f1xx_hal_uart.o(i.UART_DMAError), (74 bytes).
    Removing stm32f1xx_hal_uart.o(i.UART_DMAReceiveCplt), (134 bytes).
    Removing stm32f1xx_hal_uart.o(i.UART_DMARxAbortCallback), (44 bytes).
    Removing stm32f1xx_hal_uart.o(i.UART_DMARxHalfCplt), (30 bytes).
    Removing stm32f1xx_hal_uart.o(i.UART_DMARxOnlyAbortCallback), (22 bytes).
    Removing stm32f1xx_hal_uart.o(i.UART_DMATransmitCplt), (66 bytes).
    Removing stm32f1xx_hal_uart.o(i.UART_DMATxAbortCallback), (44 bytes).
    Removing stm32f1xx_hal_uart.o(i.UART_DMATxHalfCplt), (10 bytes).
    Removing stm32f1xx_hal_uart.o(i.UART_DMATxOnlyAbortCallback), (20 bytes).
    Removing stm32f1xx_hal_uart.o(i.UART_EndTxTransfer), (28 bytes).
    Removing stm32f1xx_hal_uart.o(i.UART_Start_Receive_DMA), (144 bytes).
    Removing system_stm32f1xx.o(.rev16_text), (4 bytes).
    Removing system_stm32f1xx.o(.revsh_text), (4 bytes).
    Removing system_stm32f1xx.o(.rrx_text), (6 bytes).
    Removing system_stm32f1xx.o(i.SystemCoreClockUpdate), (104 bytes).
    Removing rc522.o(.rev16_text), (4 bytes).
    Removing rc522.o(.revsh_text), (4 bytes).
    Removing rc522.o(.rrx_text), (6 bytes).
    Removing rc522.o(i.HAL_TIM_PeriodElapsedCallback), (2 bytes).
    Removing rc522.o(i.MF522PcdConfigISOType), (90 bytes).
    Removing rc522.o(.bss), (18 bytes).
    Removing rc522.o(.data), (6 bytes).
    Removing step_motor.o(.rev16_text), (4 bytes).
    Removing step_motor.o(.revsh_text), (4 bytes).
    Removing step_motor.o(.rrx_text), (6 bytes).
    Removing step_motor.o(i.curtain_get_curangle), (12 bytes).
    Removing step_motor.o(i.curtain_open), (36 bytes).
    Removing sg90.o(.rev16_text), (4 bytes).
    Removing sg90.o(.revsh_text), (4 bytes).
    Removing sg90.o(.rrx_text), (6 bytes).
    Removing sg90.o(i.camera_ture_left), (6 bytes).
    Removing sg90.o(i.camera_ture_right), (6 bytes).
    Removing sg90.o(i.door_get_curstate), (12 bytes).
    Removing sg90.o(i.set_sg90_3_angle), (36 bytes).
    Removing dc_motor.o(.rev16_text), (4 bytes).
    Removing dc_motor.o(.revsh_text), (4 bytes).
    Removing dc_motor.o(.rrx_text), (6 bytes).
    Removing dc_motor.o(i.airConditioner_getState), (12 bytes).
    Removing dc_motor.o(i.airConditioner_work), (204 bytes).
    Removing dadd.o(.text), (334 bytes).
    Removing dmul.o(.text), (228 bytes).
    Removing ddiv.o(.text), (222 bytes).
    Removing dfixul.o(.text), (48 bytes).
    Removing cdrcmple.o(.text), (48 bytes).
    Removing depilogue.o(.text), (186 bytes).

465 unused section(s) (total 31152 bytes) removed from the image.

==============================================================================

Image Symbol Table

    Local Symbols

    Symbol Name                              Value     Ov Type        Size  Object(Section)

    ../Core/Src/gpio.c                       0x00000000   Number         0  gpio.o ABSOLUTE
    ../Core/Src/main.c                       0x00000000   Number         0  main.o ABSOLUTE
    ../Core/Src/spi.c                        0x00000000   Number         0  spi.o ABSOLUTE
    ../Core/Src/stm32f1xx_hal_msp.c          0x00000000   Number         0  stm32f1xx_hal_msp.o ABSOLUTE
    ../Core/Src/stm32f1xx_it.c               0x00000000   Number         0  stm32f1xx_it.o ABSOLUTE
    ../Core/Src/system_stm32f1xx.c           0x00000000   Number         0  system_stm32f1xx.o ABSOLUTE
    ../Core/Src/tim.c                        0x00000000   Number         0  tim.o ABSOLUTE
    ../Core/Src/usart.c                      0x00000000   Number         0  usart.o ABSOLUTE
    ../Drivers/STM32F1xx_HAL_Driver/Src/stm32f1xx_hal.c 0x00000000   Number         0  stm32f1xx_hal.o ABSOLUTE
    ../Drivers/STM32F1xx_HAL_Driver/Src/stm32f1xx_hal_cortex.c 0x00000000   Number         0  stm32f1xx_hal_cortex.o ABSOLUTE
    ../Drivers/STM32F1xx_HAL_Driver/Src/stm32f1xx_hal_dma.c 0x00000000   Number         0  stm32f1xx_hal_dma.o ABSOLUTE
    ../Drivers/STM32F1xx_HAL_Driver/Src/stm32f1xx_hal_exti.c 0x00000000   Number         0  stm32f1xx_hal_exti.o ABSOLUTE
    ../Drivers/STM32F1xx_HAL_Driver/Src/stm32f1xx_hal_flash.c 0x00000000   Number         0  stm32f1xx_hal_flash.o ABSOLUTE
    ../Drivers/STM32F1xx_HAL_Driver/Src/stm32f1xx_hal_flash_ex.c 0x00000000   Number         0  stm32f1xx_hal_flash_ex.o ABSOLUTE
    ../Drivers/STM32F1xx_HAL_Driver/Src/stm32f1xx_hal_gpio.c 0x00000000   Number         0  stm32f1xx_hal_gpio.o ABSOLUTE
    ../Drivers/STM32F1xx_HAL_Driver/Src/stm32f1xx_hal_gpio_ex.c 0x00000000   Number         0  stm32f1xx_hal_gpio_ex.o ABSOLUTE
    ../Drivers/STM32F1xx_HAL_Driver/Src/stm32f1xx_hal_pwr.c 0x00000000   Number         0  stm32f1xx_hal_pwr.o ABSOLUTE
    ../Drivers/STM32F1xx_HAL_Driver/Src/stm32f1xx_hal_rcc.c 0x00000000   Number         0  stm32f1xx_hal_rcc.o ABSOLUTE
    ../Drivers/STM32F1xx_HAL_Driver/Src/stm32f1xx_hal_rcc_ex.c 0x00000000   Number         0  stm32f1xx_hal_rcc_ex.o ABSOLUTE
    ../Drivers/STM32F1xx_HAL_Driver/Src/stm32f1xx_hal_spi.c 0x00000000   Number         0  stm32f1xx_hal_spi.o ABSOLUTE
    ../Drivers/STM32F1xx_HAL_Driver/Src/stm32f1xx_hal_tim.c 0x00000000   Number         0  stm32f1xx_hal_tim.o ABSOLUTE
    ../Drivers/STM32F1xx_HAL_Driver/Src/stm32f1xx_hal_tim_ex.c 0x00000000   Number         0  stm32f1xx_hal_tim_ex.o ABSOLUTE
    ../Drivers/STM32F1xx_HAL_Driver/Src/stm32f1xx_hal_uart.c 0x00000000   Number         0  stm32f1xx_hal_uart.o ABSOLUTE
    ../clib/microlib/division.c              0x00000000   Number         0  uidiv.o ABSOLUTE
    ../clib/microlib/division.c              0x00000000   Number         0  uldiv.o ABSOLUTE
    ../clib/microlib/init/entry.s            0x00000000   Number         0  entry.o ABSOLUTE
    ../clib/microlib/init/entry.s            0x00000000   Number         0  entry11b.o ABSOLUTE
    ../clib/microlib/init/entry.s            0x00000000   Number         0  entry10a.o ABSOLUTE
    ../clib/microlib/init/entry.s            0x00000000   Number         0  entry10b.o ABSOLUTE
    ../clib/microlib/init/entry.s            0x00000000   Number         0  entry7b.o ABSOLUTE
    ../clib/microlib/init/entry.s            0x00000000   Number         0  entry11a.o ABSOLUTE
    ../clib/microlib/init/entry.s            0x00000000   Number         0  entry9b.o ABSOLUTE
    ../clib/microlib/init/entry.s            0x00000000   Number         0  entry9a.o ABSOLUTE
    ../clib/microlib/init/entry.s            0x00000000   Number         0  entry8b.o ABSOLUTE
    ../clib/microlib/init/entry.s            0x00000000   Number         0  entry8a.o ABSOLUTE
    ../clib/microlib/init/entry.s            0x00000000   Number         0  entry7a.o ABSOLUTE
    ../clib/microlib/init/entry.s            0x00000000   Number         0  entry5.o ABSOLUTE
    ../clib/microlib/init/entry.s            0x00000000   Number         0  entry2.o ABSOLUTE
    ../clib/microlib/longlong.c              0x00000000   Number         0  llushr.o ABSOLUTE
    ../clib/microlib/longlong.c              0x00000000   Number         0  llsshr.o ABSOLUTE
    ../clib/microlib/longlong.c              0x00000000   Number         0  llshl.o ABSOLUTE
    ../clib/microlib/printf/printf.c         0x00000000   Number         0  printf1.o ABSOLUTE
    ../clib/microlib/printf/printf.c         0x00000000   Number         0  printf3.o ABSOLUTE
    ../clib/microlib/printf/printf.c         0x00000000   Number         0  printf8.o ABSOLUTE
    ../clib/microlib/printf/printf.c         0x00000000   Number         0  printf7.o ABSOLUTE
    ../clib/microlib/printf/printf.c         0x00000000   Number         0  printf6.o ABSOLUTE
    ../clib/microlib/printf/printf.c         0x00000000   Number         0  printf4.o ABSOLUTE
    ../clib/microlib/printf/printf.c         0x00000000   Number         0  printfa.o ABSOLUTE
    ../clib/microlib/printf/printf.c         0x00000000   Number         0  printf5.o ABSOLUTE
    ../clib/microlib/printf/printf.c         0x00000000   Number         0  printfb.o ABSOLUTE
    ../clib/microlib/printf/printf.c         0x00000000   Number         0  printf0.o ABSOLUTE
    ../clib/microlib/printf/printf.c         0x00000000   Number         0  printf2.o ABSOLUTE
    ../clib/microlib/printf/stubs.s          0x00000000   Number         0  stubs.o ABSOLUTE
    ../clib/microlib/stdio/streams.c         0x00000000   Number         0  stdout.o ABSOLUTE
    ../clib/microlib/string/memcmp.c         0x00000000   Number         0  memcmp.o ABSOLUTE
    ../clib/microlib/string/memset.c         0x00000000   Number         0  memseta.o ABSOLUTE
    ../clib/microlib/stubs.s                 0x00000000   Number         0  iusefp.o ABSOLUTE
    ../fplib/microlib/fpadd.c                0x00000000   Number         0  dadd.o ABSOLUTE
    ../fplib/microlib/fpdiv.c                0x00000000   Number         0  ddiv.o ABSOLUTE
    ../fplib/microlib/fpepilogue.c           0x00000000   Number         0  depilogue.o ABSOLUTE
    ../fplib/microlib/fpfix.c                0x00000000   Number         0  dfixul.o ABSOLUTE
    ../fplib/microlib/fpmul.c                0x00000000   Number         0  dmul.o ABSOLUTE
    ..\Core\Src\gpio.c                       0x00000000   Number         0  gpio.o ABSOLUTE
    ..\Core\Src\main.c                       0x00000000   Number         0  main.o ABSOLUTE
    ..\Core\Src\spi.c                        0x00000000   Number         0  spi.o ABSOLUTE
    ..\Core\Src\stm32f1xx_hal_msp.c          0x00000000   Number         0  stm32f1xx_hal_msp.o ABSOLUTE
    ..\Core\Src\stm32f1xx_it.c               0x00000000   Number         0  stm32f1xx_it.o ABSOLUTE
    ..\Core\Src\system_stm32f1xx.c           0x00000000   Number         0  system_stm32f1xx.o ABSOLUTE
    ..\Core\Src\tim.c                        0x00000000   Number         0  tim.o ABSOLUTE
    ..\Core\Src\usart.c                      0x00000000   Number         0  usart.o ABSOLUTE
    ..\Drivers\STM32F1xx_HAL_Driver\Src\stm32f1xx_hal.c 0x00000000   Number         0  stm32f1xx_hal.o ABSOLUTE
    ..\Drivers\STM32F1xx_HAL_Driver\Src\stm32f1xx_hal_cortex.c 0x00000000   Number         0  stm32f1xx_hal_cortex.o ABSOLUTE
    ..\Drivers\STM32F1xx_HAL_Driver\Src\stm32f1xx_hal_dma.c 0x00000000   Number         0  stm32f1xx_hal_dma.o ABSOLUTE
    ..\Drivers\STM32F1xx_HAL_Driver\Src\stm32f1xx_hal_exti.c 0x00000000   Number         0  stm32f1xx_hal_exti.o ABSOLUTE
    ..\Drivers\STM32F1xx_HAL_Driver\Src\stm32f1xx_hal_flash.c 0x00000000   Number         0  stm32f1xx_hal_flash.o ABSOLUTE
    ..\Drivers\STM32F1xx_HAL_Driver\Src\stm32f1xx_hal_flash_ex.c 0x00000000   Number         0  stm32f1xx_hal_flash_ex.o ABSOLUTE
    ..\Drivers\STM32F1xx_HAL_Driver\Src\stm32f1xx_hal_gpio.c 0x00000000   Number         0  stm32f1xx_hal_gpio.o ABSOLUTE
    ..\Drivers\STM32F1xx_HAL_Driver\Src\stm32f1xx_hal_gpio_ex.c 0x00000000   Number         0  stm32f1xx_hal_gpio_ex.o ABSOLUTE
    ..\Drivers\STM32F1xx_HAL_Driver\Src\stm32f1xx_hal_pwr.c 0x00000000   Number         0  stm32f1xx_hal_pwr.o ABSOLUTE
    ..\Drivers\STM32F1xx_HAL_Driver\Src\stm32f1xx_hal_rcc.c 0x00000000   Number         0  stm32f1xx_hal_rcc.o ABSOLUTE
    ..\Drivers\STM32F1xx_HAL_Driver\Src\stm32f1xx_hal_rcc_ex.c 0x00000000   Number         0  stm32f1xx_hal_rcc_ex.o ABSOLUTE
    ..\Drivers\STM32F1xx_HAL_Driver\Src\stm32f1xx_hal_spi.c 0x00000000   Number         0  stm32f1xx_hal_spi.o ABSOLUTE
    ..\Drivers\STM32F1xx_HAL_Driver\Src\stm32f1xx_hal_tim.c 0x00000000   Number         0  stm32f1xx_hal_tim.o ABSOLUTE
    ..\Drivers\STM32F1xx_HAL_Driver\Src\stm32f1xx_hal_tim_ex.c 0x00000000   Number         0  stm32f1xx_hal_tim_ex.o ABSOLUTE
    ..\Drivers\STM32F1xx_HAL_Driver\Src\stm32f1xx_hal_uart.c 0x00000000   Number         0  stm32f1xx_hal_uart.o ABSOLUTE
    ..\\bsp\\dc_motor.c                      0x00000000   Number         0  dc_motor.o ABSOLUTE
    ..\\bsp\\rc522.c                         0x00000000   Number         0  rc522.o ABSOLUTE
    ..\\bsp\\sg90.c                          0x00000000   Number         0  sg90.o ABSOLUTE
    ..\\bsp\\step_motor.c                    0x00000000   Number         0  step_motor.o ABSOLUTE
    ..\bsp\dc_motor.c                        0x00000000   Number         0  dc_motor.o ABSOLUTE
    ..\bsp\rc522.c                           0x00000000   Number         0  rc522.o ABSOLUTE
    ..\bsp\sg90.c                            0x00000000   Number         0  sg90.o ABSOLUTE
    ..\bsp\step_motor.c                      0x00000000   Number         0  step_motor.o ABSOLUTE
    cdrcmple.s                               0x00000000   Number         0  cdrcmple.o ABSOLUTE
    dc.s                                     0x00000000   Number         0  dc.o ABSOLUTE
    handlers.s                               0x00000000   Number         0  handlers.o ABSOLUTE
    init.s                                   0x00000000   Number         0  init.o ABSOLUTE
    startup_stm32f103xb.s                    0x00000000   Number         0  startup_stm32f103xb.o ABSOLUTE
    RESET                                    0x08000000   Section      236  startup_stm32f103xb.o(RESET)
    .ARM.Collect$$$$00000000                 0x080000ec   Section        0  entry.o(.ARM.Collect$$$$00000000)
    .ARM.Collect$$$$00000001                 0x080000ec   Section        4  entry2.o(.ARM.Collect$$$$00000001)
    .ARM.Collect$$$$00000004                 0x080000f0   Section        4  entry5.o(.ARM.Collect$$$$00000004)
    .ARM.Collect$$$$00000008                 0x080000f4   Section        0  entry7b.o(.ARM.Collect$$$$00000008)
    .ARM.Collect$$$$0000000A                 0x080000f4   Section        0  entry8b.o(.ARM.Collect$$$$0000000A)
    .ARM.Collect$$$$0000000B                 0x080000f4   Section        8  entry9a.o(.ARM.Collect$$$$0000000B)
    .ARM.Collect$$$$0000000D                 0x080000fc   Section        0  entry10a.o(.ARM.Collect$$$$0000000D)
    .ARM.Collect$$$$0000000F                 0x080000fc   Section        0  entry11a.o(.ARM.Collect$$$$0000000F)
    .ARM.Collect$$$$00002712                 0x080000fc   Section        4  entry2.o(.ARM.Collect$$$$00002712)
    __lit__00000000                          0x080000fc   Data           4  entry2.o(.ARM.Collect$$$$00002712)
    .text                                    0x08000100   Section       36  startup_stm32f103xb.o(.text)
    .text                                    0x08000124   Section        0  llushr.o(.text)
    .text                                    0x08000144   Section        0  memseta.o(.text)
    .text                                    0x08000168   Section        0  memcmp.o(.text)
    .text                                    0x08000182   Section        0  uldiv.o(.text)
    .text                                    0x080001e4   Section       36  init.o(.text)
    .text                                    0x08000208   Section        0  llshl.o(.text)
    i.BusFault_Handler                       0x08000226   Section        0  stm32f1xx_it.o(i.BusFault_Handler)
    i.ClearBitMask                           0x08000228   Section        0  rc522.o(i.ClearBitMask)
    i.DebugMon_Handler                       0x08000240   Section        0  stm32f1xx_it.o(i.DebugMon_Handler)
    i.Error_Handler                          0x08000242   Section        0  main.o(i.Error_Handler)
    i.HAL_DMA_Abort                          0x08000246   Section        0  stm32f1xx_hal_dma.o(i.HAL_DMA_Abort)
    i.HAL_DMA_Abort_IT                       0x0800028c   Section        0  stm32f1xx_hal_dma.o(i.HAL_DMA_Abort_IT)
    i.HAL_Delay                              0x08000324   Section        0  stm32f1xx_hal.o(i.HAL_Delay)
    i.HAL_GPIO_Init                          0x08000348   Section        0  stm32f1xx_hal_gpio.o(i.HAL_GPIO_Init)
    i.HAL_GPIO_WritePin                      0x08000528   Section        0  stm32f1xx_hal_gpio.o(i.HAL_GPIO_WritePin)
    i.HAL_GetTick                            0x08000534   Section        0  stm32f1xx_hal.o(i.HAL_GetTick)
    i.HAL_IncTick                            0x08000540   Section        0  stm32f1xx_hal.o(i.HAL_IncTick)
    i.HAL_Init                               0x08000550   Section        0  stm32f1xx_hal.o(i.HAL_Init)
    i.HAL_InitTick                           0x08000574   Section        0  stm32f1xx_hal.o(i.HAL_InitTick)
    i.HAL_MspInit                            0x080005b4   Section        0  stm32f1xx_hal_msp.o(i.HAL_MspInit)
    i.HAL_NVIC_EnableIRQ                     0x080005f0   Section        0  stm32f1xx_hal_cortex.o(i.HAL_NVIC_EnableIRQ)
    i.HAL_NVIC_SetPriority                   0x0800060c   Section        0  stm32f1xx_hal_cortex.o(i.HAL_NVIC_SetPriority)
    i.HAL_NVIC_SetPriorityGrouping           0x0800064c   Section        0  stm32f1xx_hal_cortex.o(i.HAL_NVIC_SetPriorityGrouping)
    i.HAL_RCC_ClockConfig                    0x08000670   Section        0  stm32f1xx_hal_rcc.o(i.HAL_RCC_ClockConfig)
    i.HAL_RCC_GetPCLK1Freq                   0x0800079c   Section        0  stm32f1xx_hal_rcc.o(i.HAL_RCC_GetPCLK1Freq)
    i.HAL_RCC_GetPCLK2Freq                   0x080007bc   Section        0  stm32f1xx_hal_rcc.o(i.HAL_RCC_GetPCLK2Freq)
    i.HAL_RCC_GetSysClockFreq                0x080007dc   Section        0  stm32f1xx_hal_rcc.o(i.HAL_RCC_GetSysClockFreq)
    i.HAL_RCC_OscConfig                      0x08000828   Section        0  stm32f1xx_hal_rcc.o(i.HAL_RCC_OscConfig)
    i.HAL_SPI_Init                           0x08000b48   Section        0  stm32f1xx_hal_spi.o(i.HAL_SPI_Init)
    i.HAL_SPI_MspInit                        0x08000bfc   Section        0  spi.o(i.HAL_SPI_MspInit)
    i.HAL_SPI_Transmit                       0x08000c70   Section        0  stm32f1xx_hal_spi.o(i.HAL_SPI_Transmit)
    i.HAL_SYSTICK_Config                     0x08000dd6   Section        0  stm32f1xx_hal_cortex.o(i.HAL_SYSTICK_Config)
    i.HAL_TIMEx_ConfigBreakDeadTime          0x08000dfe   Section        0  stm32f1xx_hal_tim_ex.o(i.HAL_TIMEx_ConfigBreakDeadTime)
    i.HAL_TIMEx_MasterConfigSynchronization  0x08000e54   Section        0  stm32f1xx_hal_tim_ex.o(i.HAL_TIMEx_MasterConfigSynchronization)
    i.HAL_TIM_Base_Init                      0x08000ebc   Section        0  stm32f1xx_hal_tim.o(i.HAL_TIM_Base_Init)
    i.HAL_TIM_Base_MspInit                   0x08000f18   Section        0  tim.o(i.HAL_TIM_Base_MspInit)
    i.HAL_TIM_ConfigClockSource              0x08000f70   Section        0  stm32f1xx_hal_tim.o(i.HAL_TIM_ConfigClockSource)
    i.HAL_TIM_MspPostInit                    0x0800104c   Section        0  tim.o(i.HAL_TIM_MspPostInit)
    i.HAL_TIM_PWM_ConfigChannel              0x080010d0   Section        0  stm32f1xx_hal_tim.o(i.HAL_TIM_PWM_ConfigChannel)
    i.HAL_TIM_PWM_Init                       0x0800119c   Section        0  stm32f1xx_hal_tim.o(i.HAL_TIM_PWM_Init)
    i.HAL_TIM_PWM_MspInit                    0x080011f6   Section        0  stm32f1xx_hal_tim.o(i.HAL_TIM_PWM_MspInit)
    i.HAL_TIM_PWM_Start                      0x080011f8   Section        0  stm32f1xx_hal_tim.o(i.HAL_TIM_PWM_Start)
    i.HAL_UARTEx_RxEventCallback             0x08001294   Section        0  stm32f1xx_hal_uart.o(i.HAL_UARTEx_RxEventCallback)
    i.HAL_UART_ErrorCallback                 0x08001296   Section        0  stm32f1xx_hal_uart.o(i.HAL_UART_ErrorCallback)
    i.HAL_UART_IRQHandler                    0x08001298   Section        0  stm32f1xx_hal_uart.o(i.HAL_UART_IRQHandler)
    i.HAL_UART_Init                          0x08001504   Section        0  stm32f1xx_hal_uart.o(i.HAL_UART_Init)
    i.HAL_UART_MspInit                       0x08001568   Section        0  usart.o(i.HAL_UART_MspInit)
    i.HAL_UART_Receive_IT                    0x08001640   Section        0  stm32f1xx_hal_uart.o(i.HAL_UART_Receive_IT)
    i.HAL_UART_RxCpltCallback                0x0800165c   Section        0  usart.o(i.HAL_UART_RxCpltCallback)
    i.HAL_UART_Transmit                      0x0800169c   Section        0  stm32f1xx_hal_uart.o(i.HAL_UART_Transmit)
    i.HAL_UART_TxCpltCallback                0x0800173c   Section        0  stm32f1xx_hal_uart.o(i.HAL_UART_TxCpltCallback)
    i.HardFault_Handler                      0x0800173e   Section        0  stm32f1xx_it.o(i.HardFault_Handler)
    i.MX_GPIO_Init                           0x08001740   Section        0  gpio.o(i.MX_GPIO_Init)
    i.MX_SPI2_Init                           0x080017b0   Section        0  spi.o(i.MX_SPI2_Init)
    i.MX_TIM1_Init                           0x080017f4   Section        0  tim.o(i.MX_TIM1_Init)
    i.MX_TIM2_Init                           0x080018bc   Section        0  tim.o(i.MX_TIM2_Init)
    i.MX_TIM3_Init                           0x08001964   Section        0  tim.o(i.MX_TIM3_Init)
    i.MX_USART1_UART_Init                    0x08001a0c   Section        0  usart.o(i.MX_USART1_UART_Init)
    i.MX_USART2_UART_Init                    0x08001a44   Section        0  usart.o(i.MX_USART2_UART_Init)
    i.MemManage_Handler                      0x08001a7c   Section        0  stm32f1xx_it.o(i.MemManage_Handler)
    i.NMI_Handler                            0x08001a7e   Section        0  stm32f1xx_it.o(i.NMI_Handler)
    i.PcdAntennaOff                          0x08001a80   Section        0  rc522.o(i.PcdAntennaOff)
    i.PcdAntennaOn                           0x08001a88   Section        0  rc522.o(i.PcdAntennaOn)
    i.PcdAnticoll                            0x08001aa2   Section        0  rc522.o(i.PcdAnticoll)
    i.PcdComMF522                            0x08001b0c   Section        0  rc522.o(i.PcdComMF522)
    i.PcdRequest                             0x08001c20   Section        0  rc522.o(i.PcdRequest)
    i.PcdReset                               0x08001c70   Section        0  rc522.o(i.PcdReset)
    i.PendSV_Handler                         0x08001cec   Section        0  stm32f1xx_it.o(i.PendSV_Handler)
    i.RC522_Init                             0x08001cf0   Section        0  rc522.o(i.RC522_Init)
    i.RC522_ReadWriteByte                    0x08001d78   Section        0  rc522.o(i.RC522_ReadWriteByte)
    i.ReadRawRC                              0x08001d98   Section        0  rc522.o(i.ReadRawRC)
    i.ReaderCard                             0x08001de8   Section        0  rc522.o(i.ReaderCard)
    i.SPI_EndRxTxTransaction                 0x08001ee8   Section        0  stm32f1xx_hal_spi.o(i.SPI_EndRxTxTransaction)
    SPI_EndRxTxTransaction                   0x08001ee9   Thumb Code    52  stm32f1xx_hal_spi.o(i.SPI_EndRxTxTransaction)
    i.SPI_WaitFlagStateUntilTimeout          0x08001f1c   Section        0  stm32f1xx_hal_spi.o(i.SPI_WaitFlagStateUntilTimeout)
    SPI_WaitFlagStateUntilTimeout            0x08001f1d   Thumb Code   180  stm32f1xx_hal_spi.o(i.SPI_WaitFlagStateUntilTimeout)
    i.STM32_PWM_Start                        0x08001fd4   Section        0  dc_motor.o(i.STM32_PWM_Start)
    i.STM32_PWM_Stop                         0x08001ff0   Section        0  dc_motor.o(i.STM32_PWM_Stop)
    i.SVC_Handler                            0x0800200e   Section        0  stm32f1xx_it.o(i.SVC_Handler)
    i.SetBitMask                             0x08002010   Section        0  rc522.o(i.SetBitMask)
    i.SysTick_Handler                        0x08002028   Section        0  stm32f1xx_it.o(i.SysTick_Handler)
    i.SystemClock_Config                     0x0800202c   Section        0  main.o(i.SystemClock_Config)
    i.SystemInit                             0x0800208a   Section        0  system_stm32f1xx.o(i.SystemInit)
    i.TIM_Base_SetConfig                     0x0800208c   Section        0  stm32f1xx_hal_tim.o(i.TIM_Base_SetConfig)
    i.TIM_CCxChannelCmd                      0x08002104   Section        0  stm32f1xx_hal_tim.o(i.TIM_CCxChannelCmd)
    i.TIM_ETR_SetConfig                      0x0800211e   Section        0  stm32f1xx_hal_tim.o(i.TIM_ETR_SetConfig)
    i.TIM_ITRx_SetConfig                     0x08002132   Section        0  stm32f1xx_hal_tim.o(i.TIM_ITRx_SetConfig)
    TIM_ITRx_SetConfig                       0x08002133   Thumb Code    16  stm32f1xx_hal_tim.o(i.TIM_ITRx_SetConfig)
    i.TIM_OC1_SetConfig                      0x08002144   Section        0  stm32f1xx_hal_tim.o(i.TIM_OC1_SetConfig)
    TIM_OC1_SetConfig                        0x08002145   Thumb Code    74  stm32f1xx_hal_tim.o(i.TIM_OC1_SetConfig)
    i.TIM_OC2_SetConfig                      0x08002194   Section        0  stm32f1xx_hal_tim.o(i.TIM_OC2_SetConfig)
    i.TIM_OC3_SetConfig                      0x080021ec   Section        0  stm32f1xx_hal_tim.o(i.TIM_OC3_SetConfig)
    TIM_OC3_SetConfig                        0x080021ed   Thumb Code    82  stm32f1xx_hal_tim.o(i.TIM_OC3_SetConfig)
    i.TIM_OC4_SetConfig                      0x08002244   Section        0  stm32f1xx_hal_tim.o(i.TIM_OC4_SetConfig)
    TIM_OC4_SetConfig                        0x08002245   Thumb Code    64  stm32f1xx_hal_tim.o(i.TIM_OC4_SetConfig)
    i.TIM_TI1_ConfigInputStage               0x08002288   Section        0  stm32f1xx_hal_tim.o(i.TIM_TI1_ConfigInputStage)
    TIM_TI1_ConfigInputStage                 0x08002289   Thumb Code    34  stm32f1xx_hal_tim.o(i.TIM_TI1_ConfigInputStage)
    i.TIM_TI2_ConfigInputStage               0x080022aa   Section        0  stm32f1xx_hal_tim.o(i.TIM_TI2_ConfigInputStage)
    TIM_TI2_ConfigInputStage                 0x080022ab   Thumb Code    36  stm32f1xx_hal_tim.o(i.TIM_TI2_ConfigInputStage)
    i.UART_DMAAbortOnError                   0x080022ce   Section        0  stm32f1xx_hal_uart.o(i.UART_DMAAbortOnError)
    UART_DMAAbortOnError                     0x080022cf   Thumb Code    16  stm32f1xx_hal_uart.o(i.UART_DMAAbortOnError)
    i.UART_EndRxTransfer                     0x080022de   Section        0  stm32f1xx_hal_uart.o(i.UART_EndRxTransfer)
    UART_EndRxTransfer                       0x080022df   Thumb Code    78  stm32f1xx_hal_uart.o(i.UART_EndRxTransfer)
    i.UART_Receive_IT                        0x0800232c   Section        0  stm32f1xx_hal_uart.o(i.UART_Receive_IT)
    UART_Receive_IT                          0x0800232d   Thumb Code   194  stm32f1xx_hal_uart.o(i.UART_Receive_IT)
    i.UART_SetConfig                         0x080023f0   Section        0  stm32f1xx_hal_uart.o(i.UART_SetConfig)
    UART_SetConfig                           0x080023f1   Thumb Code   178  stm32f1xx_hal_uart.o(i.UART_SetConfig)
    i.UART_Start_Receive_IT                  0x080024a8   Section        0  stm32f1xx_hal_uart.o(i.UART_Start_Receive_IT)
    i.UART_WaitOnFlagUntilTimeout            0x080024de   Section        0  stm32f1xx_hal_uart.o(i.UART_WaitOnFlagUntilTimeout)
    UART_WaitOnFlagUntilTimeout              0x080024df   Thumb Code   114  stm32f1xx_hal_uart.o(i.UART_WaitOnFlagUntilTimeout)
    i.USART1_IRQHandler                      0x08002550   Section        0  stm32f1xx_it.o(i.USART1_IRQHandler)
    i.USART2_IRQHandler                      0x0800255c   Section        0  stm32f1xx_it.o(i.USART2_IRQHandler)
    i.UsageFault_Handler                     0x08002568   Section        0  stm32f1xx_it.o(i.UsageFault_Handler)
    i.WriteRawRC                             0x0800256c   Section        0  rc522.o(i.WriteRawRC)
    i.__0printf$8                            0x080025b8   Section        0  printf8.o(i.__0printf$8)
    i.__NVIC_SetPriority                     0x080025d8   Section        0  stm32f1xx_hal_cortex.o(i.__NVIC_SetPriority)
    __NVIC_SetPriority                       0x080025d9   Thumb Code    32  stm32f1xx_hal_cortex.o(i.__NVIC_SetPriority)
    i.__scatterload_copy                     0x080025f8   Section       14  handlers.o(i.__scatterload_copy)
    i.__scatterload_null                     0x08002606   Section        2  handlers.o(i.__scatterload_null)
    i.__scatterload_zeroinit                 0x08002608   Section       14  handlers.o(i.__scatterload_zeroinit)
    i._printf_core                           0x08002618   Section        0  printf8.o(i._printf_core)
    _printf_core                             0x08002619   Thumb Code   996  printf8.o(i._printf_core)
    i._printf_post_padding                   0x08002a28   Section        0  printf8.o(i._printf_post_padding)
    _printf_post_padding                     0x08002a29   Thumb Code    36  printf8.o(i._printf_post_padding)
    i._printf_pre_padding                    0x08002a4c   Section        0  printf8.o(i._printf_pre_padding)
    _printf_pre_padding                      0x08002a4d   Thumb Code    46  printf8.o(i._printf_pre_padding)
    i.airConditioner_cool                    0x08002a7c   Section        0  dc_motor.o(i.airConditioner_cool)
    i.airConditioner_heat                    0x08002ae0   Section        0  dc_motor.o(i.airConditioner_heat)
    i.airConditioner_init                    0x08002bb8   Section        0  dc_motor.o(i.airConditioner_init)
    i.airConditioner_stop                    0x08002bd4   Section        0  dc_motor.o(i.airConditioner_stop)
    i.curtain_close_angle                    0x08002bfc   Section        0  step_motor.o(i.curtain_close_angle)
    i.curtain_open_angle                     0x08002c2c   Section        0  step_motor.o(i.curtain_open_angle)
    i.delay_ns                               0x08002c5c   Section        0  rc522.o(i.delay_ns)
    i.door_close                             0x08002c70   Section        0  sg90.o(i.door_close)
    i.door_open                              0x08002ce4   Section        0  sg90.o(i.door_open)
    i.fputc                                  0x08002d5c   Section        0  usart.o(i.fputc)
    i.main                                   0x08002d74   Section        0  main.o(i.main)
    i.parse_received_data                    0x08002dd8   Section        0  usart.o(i.parse_received_data)
    i.process_device_command                 0x08002e24   Section        0  usart.o(i.process_device_command)
    i.send_response                          0x08002eac   Section        0  usart.o(i.send_response)
    i.set_sg90_2_angle                       0x08002f24   Section        0  sg90.o(i.set_sg90_2_angle)
    i.set_sg90_angle                         0x08002f48   Section        0  sg90.o(i.set_sg90_angle)
    i.sg90_init                              0x08002f6c   Section        0  sg90.o(i.sg90_init)
    i.step_motor_run                         0x08002f94   Section        0  step_motor.o(i.step_motor_run)
    i.usart1_rx_process                      0x080030d4   Section        0  usart.o(i.usart1_rx_process)
    i.usart2_rx_process                      0x0800317c   Section        0  usart.o(i.usart2_rx_process)
    i.usart_init                             0x08003224   Section        0  usart.o(i.usart_init)
    .constdata                               0x0800324c   Section       18  stm32f1xx_hal_rcc.o(.constdata)
    aPredivFactorTable                       0x0800324c   Data           2  stm32f1xx_hal_rcc.o(.constdata)
    aPLLMULFactorTable                       0x0800324e   Data          16  stm32f1xx_hal_rcc.o(.constdata)
    .constdata                               0x0800325e   Section       16  system_stm32f1xx.o(.constdata)
    .constdata                               0x0800326e   Section        8  system_stm32f1xx.o(.constdata)
    .constdata                               0x08003278   Section       13  rc522.o(.constdata)
    .data                                    0x20000000   Section       10  usart.o(.data)
    .data                                    0x2000000c   Section       12  stm32f1xx_hal.o(.data)
    .data                                    0x20000018   Section        4  system_stm32f1xx.o(.data)
    .data                                    0x2000001c   Section       17  rc522.o(.data)
    last_uid                                 0x2000001c   Data           4  rc522.o(.data)
    last_time                                0x20000020   Data           4  rc522.o(.data)
    .data                                    0x2000002e   Section        2  step_motor.o(.data)
    .data                                    0x20000030   Section        1  sg90.o(.data)
    .data                                    0x20000034   Section       16  dc_motor.o(.data)
    .data                                    0x20000044   Section        4  stdout.o(.data)
    .bss                                     0x20000048   Section       88  spi.o(.bss)
    .bss                                     0x200000a0   Section      216  tim.o(.bss)
    .bss                                     0x20000178   Section      144  usart.o(.bss)
    STACK                                    0x20000208   Section     1024  startup_stm32f103xb.o(STACK)

    Global Symbols

    Symbol Name                              Value     Ov Type        Size  Object(Section)

    BuildAttributes$$THM_ISAv4$P$D$K$B$S$PE$A:L22UL41UL21$X:L11$S22US41US21$IEEE1$IW$USESV6$~STKCKD$USESV7$~SHL$OSPACE$ROPI$EBA8$MICROLIB$REQ8$PRES8$EABIv2 0x00000000   Number         0  anon$$obj.o ABSOLUTE
    __ARM_use_no_argv                        0x00000000   Number         0  main.o ABSOLUTE
    _printf_a                                0x00000000   Number         0  stubs.o ABSOLUTE
    _printf_c                                0x00000000   Number         0  stubs.o ABSOLUTE
    _printf_charcount                        0x00000000   Number         0  stubs.o ABSOLUTE
    _printf_d                                0x00000000   Number         0  stubs.o ABSOLUTE
    _printf_e                                0x00000000   Number         0  stubs.o ABSOLUTE
    _printf_f                                0x00000000   Number         0  stubs.o ABSOLUTE
    _printf_flags                            0x00000000   Number         0  stubs.o ABSOLUTE
    _printf_fp_dec                           0x00000000   Number         0  stubs.o ABSOLUTE
    _printf_fp_hex                           0x00000000   Number         0  stubs.o ABSOLUTE
    _printf_g                                0x00000000   Number         0  stubs.o ABSOLUTE
    _printf_i                                0x00000000   Number         0  stubs.o ABSOLUTE
    _printf_int_dec                          0x00000000   Number         0  stubs.o ABSOLUTE
    _printf_l                                0x00000000   Number         0  stubs.o ABSOLUTE
    _printf_lc                               0x00000000   Number         0  stubs.o ABSOLUTE
    _printf_ll                               0x00000000   Number         0  stubs.o ABSOLUTE
    _printf_lld                              0x00000000   Number         0  stubs.o ABSOLUTE
    _printf_lli                              0x00000000   Number         0  stubs.o ABSOLUTE
    _printf_llo                              0x00000000   Number         0  stubs.o ABSOLUTE
    _printf_llu                              0x00000000   Number         0  stubs.o ABSOLUTE
    _printf_llx                              0x00000000   Number         0  stubs.o ABSOLUTE
    _printf_longlong_dec                     0x00000000   Number         0  stubs.o ABSOLUTE
    _printf_longlong_hex                     0x00000000   Number         0  stubs.o ABSOLUTE
    _printf_longlong_oct                     0x00000000   Number         0  stubs.o ABSOLUTE
    _printf_ls                               0x00000000   Number         0  stubs.o ABSOLUTE
    _printf_mbtowc                           0x00000000   Number         0  stubs.o ABSOLUTE
    _printf_n                                0x00000000   Number         0  stubs.o ABSOLUTE
    _printf_o                                0x00000000   Number         0  stubs.o ABSOLUTE
    _printf_p                                0x00000000   Number         0  stubs.o ABSOLUTE
    _printf_percent                          0x00000000   Number         0  stubs.o ABSOLUTE
    _printf_pre_padding                      0x00000000   Number         0  stubs.o ABSOLUTE
    _printf_return_value                     0x00000000   Number         0  stubs.o ABSOLUTE
    _printf_s                                0x00000000   Number         0  stubs.o ABSOLUTE
    _printf_sizespec                         0x00000000   Number         0  stubs.o ABSOLUTE
    _printf_str                              0x00000000   Number         0  stubs.o ABSOLUTE
    _printf_truncate_signed                  0x00000000   Number         0  stubs.o ABSOLUTE
    _printf_truncate_unsigned                0x00000000   Number         0  stubs.o ABSOLUTE
    _printf_u                                0x00000000   Number         0  stubs.o ABSOLUTE
    _printf_wc                               0x00000000   Number         0  stubs.o ABSOLUTE
    _printf_wctomb                           0x00000000   Number         0  stubs.o ABSOLUTE
    _printf_widthprec                        0x00000000   Number         0  stubs.o ABSOLUTE
    _printf_x                                0x00000000   Number         0  stubs.o ABSOLUTE
    __cpp_initialize__aeabi_                  - Undefined Weak Reference
    __cxa_finalize                            - Undefined Weak Reference
    __decompress                              - Undefined Weak Reference
    _clock_init                               - Undefined Weak Reference
    _microlib_exit                            - Undefined Weak Reference
    __Vectors_Size                           0x000000ec   Number         0  startup_stm32f103xb.o ABSOLUTE
    __Vectors                                0x08000000   Data           4  startup_stm32f103xb.o(RESET)
    __Vectors_End                            0x080000ec   Data           0  startup_stm32f103xb.o(RESET)
    __main                                   0x080000ed   Thumb Code     0  entry.o(.ARM.Collect$$$$00000000)
    _main_stk                                0x080000ed   Thumb Code     0  entry2.o(.ARM.Collect$$$$00000001)
    _main_scatterload                        0x080000f1   Thumb Code     0  entry5.o(.ARM.Collect$$$$00000004)
    __main_after_scatterload                 0x080000f5   Thumb Code     0  entry5.o(.ARM.Collect$$$$00000004)
    _main_clock                              0x080000f5   Thumb Code     0  entry7b.o(.ARM.Collect$$$$00000008)
    _main_cpp_init                           0x080000f5   Thumb Code     0  entry8b.o(.ARM.Collect$$$$0000000A)
    _main_init                               0x080000f5   Thumb Code     0  entry9a.o(.ARM.Collect$$$$0000000B)
    __rt_final_cpp                           0x080000fd   Thumb Code     0  entry10a.o(.ARM.Collect$$$$0000000D)
    __rt_final_exit                          0x080000fd   Thumb Code     0  entry11a.o(.ARM.Collect$$$$0000000F)
    Reset_Handler                            0x08000101   Thumb Code     8  startup_stm32f103xb.o(.text)
    ADC1_2_IRQHandler                        0x0800011b   Thumb Code     0  startup_stm32f103xb.o(.text)
    CAN1_RX1_IRQHandler                      0x0800011b   Thumb Code     0  startup_stm32f103xb.o(.text)
    CAN1_SCE_IRQHandler                      0x0800011b   Thumb Code     0  startup_stm32f103xb.o(.text)
    DMA1_Channel1_IRQHandler                 0x0800011b   Thumb Code     0  startup_stm32f103xb.o(.text)
    DMA1_Channel2_IRQHandler                 0x0800011b   Thumb Code     0  startup_stm32f103xb.o(.text)
    DMA1_Channel3_IRQHandler                 0x0800011b   Thumb Code     0  startup_stm32f103xb.o(.text)
    DMA1_Channel4_IRQHandler                 0x0800011b   Thumb Code     0  startup_stm32f103xb.o(.text)
    DMA1_Channel5_IRQHandler                 0x0800011b   Thumb Code     0  startup_stm32f103xb.o(.text)
    DMA1_Channel6_IRQHandler                 0x0800011b   Thumb Code     0  startup_stm32f103xb.o(.text)
    DMA1_Channel7_IRQHandler                 0x0800011b   Thumb Code     0  startup_stm32f103xb.o(.text)
    EXTI0_IRQHandler                         0x0800011b   Thumb Code     0  startup_stm32f103xb.o(.text)
    EXTI15_10_IRQHandler                     0x0800011b   Thumb Code     0  startup_stm32f103xb.o(.text)
    EXTI1_IRQHandler                         0x0800011b   Thumb Code     0  startup_stm32f103xb.o(.text)
    EXTI2_IRQHandler                         0x0800011b   Thumb Code     0  startup_stm32f103xb.o(.text)
    EXTI3_IRQHandler                         0x0800011b   Thumb Code     0  startup_stm32f103xb.o(.text)
    EXTI4_IRQHandler                         0x0800011b   Thumb Code     0  startup_stm32f103xb.o(.text)
    EXTI9_5_IRQHandler                       0x0800011b   Thumb Code     0  startup_stm32f103xb.o(.text)
    FLASH_IRQHandler                         0x0800011b   Thumb Code     0  startup_stm32f103xb.o(.text)
    I2C1_ER_IRQHandler                       0x0800011b   Thumb Code     0  startup_stm32f103xb.o(.text)
    I2C1_EV_IRQHandler                       0x0800011b   Thumb Code     0  startup_stm32f103xb.o(.text)
    I2C2_ER_IRQHandler                       0x0800011b   Thumb Code     0  startup_stm32f103xb.o(.text)
    I2C2_EV_IRQHandler                       0x0800011b   Thumb Code     0  startup_stm32f103xb.o(.text)
    PVD_IRQHandler                           0x0800011b   Thumb Code     0  startup_stm32f103xb.o(.text)
    RCC_IRQHandler                           0x0800011b   Thumb Code     0  startup_stm32f103xb.o(.text)
    RTC_Alarm_IRQHandler                     0x0800011b   Thumb Code     0  startup_stm32f103xb.o(.text)
    RTC_IRQHandler                           0x0800011b   Thumb Code     0  startup_stm32f103xb.o(.text)
    SPI1_IRQHandler                          0x0800011b   Thumb Code     0  startup_stm32f103xb.o(.text)
    SPI2_IRQHandler                          0x0800011b   Thumb Code     0  startup_stm32f103xb.o(.text)
    TAMPER_IRQHandler                        0x0800011b   Thumb Code     0  startup_stm32f103xb.o(.text)
    TIM1_BRK_IRQHandler                      0x0800011b   Thumb Code     0  startup_stm32f103xb.o(.text)
    TIM1_CC_IRQHandler                       0x0800011b   Thumb Code     0  startup_stm32f103xb.o(.text)
    TIM1_TRG_COM_IRQHandler                  0x0800011b   Thumb Code     0  startup_stm32f103xb.o(.text)
    TIM1_UP_IRQHandler                       0x0800011b   Thumb Code     0  startup_stm32f103xb.o(.text)
    TIM2_IRQHandler                          0x0800011b   Thumb Code     0  startup_stm32f103xb.o(.text)
    TIM3_IRQHandler                          0x0800011b   Thumb Code     0  startup_stm32f103xb.o(.text)
    TIM4_IRQHandler                          0x0800011b   Thumb Code     0  startup_stm32f103xb.o(.text)
    USART3_IRQHandler                        0x0800011b   Thumb Code     0  startup_stm32f103xb.o(.text)
    USBWakeUp_IRQHandler                     0x0800011b   Thumb Code     0  startup_stm32f103xb.o(.text)
    USB_HP_CAN1_TX_IRQHandler                0x0800011b   Thumb Code     0  startup_stm32f103xb.o(.text)
    USB_LP_CAN1_RX0_IRQHandler               0x0800011b   Thumb Code     0  startup_stm32f103xb.o(.text)
    WWDG_IRQHandler                          0x0800011b   Thumb Code     0  startup_stm32f103xb.o(.text)
    __aeabi_llsr                             0x08000125   Thumb Code    32  llushr.o(.text)
    _ll_ushift_r                             0x08000125   Thumb Code     0  llushr.o(.text)
    __aeabi_memset                           0x08000145   Thumb Code    14  memseta.o(.text)
    __aeabi_memset4                          0x08000145   Thumb Code     0  memseta.o(.text)
    __aeabi_memset8                          0x08000145   Thumb Code     0  memseta.o(.text)
    __aeabi_memclr                           0x08000153   Thumb Code     4  memseta.o(.text)
    __aeabi_memclr4                          0x08000153   Thumb Code     0  memseta.o(.text)
    __aeabi_memclr8                          0x08000153   Thumb Code     0  memseta.o(.text)
    _memset$wrapper                          0x08000157   Thumb Code    18  memseta.o(.text)
    memcmp                                   0x08000169   Thumb Code    26  memcmp.o(.text)
    __aeabi_uldivmod                         0x08000183   Thumb Code    98  uldiv.o(.text)
    __scatterload                            0x080001e5   Thumb Code    28  init.o(.text)
    __scatterload_rt2                        0x080001e5   Thumb Code     0  init.o(.text)
    __aeabi_llsl                             0x08000209   Thumb Code    30  llshl.o(.text)
    _ll_shift_l                              0x08000209   Thumb Code     0  llshl.o(.text)
    BusFault_Handler                         0x08000227   Thumb Code     2  stm32f1xx_it.o(i.BusFault_Handler)
    ClearBitMask                             0x08000229   Thumb Code    24  rc522.o(i.ClearBitMask)
    DebugMon_Handler                         0x08000241   Thumb Code     2  stm32f1xx_it.o(i.DebugMon_Handler)
    Error_Handler                            0x08000243   Thumb Code     4  main.o(i.Error_Handler)
    HAL_DMA_Abort                            0x08000247   Thumb Code    70  stm32f1xx_hal_dma.o(i.HAL_DMA_Abort)
    HAL_DMA_Abort_IT                         0x0800028d   Thumb Code   148  stm32f1xx_hal_dma.o(i.HAL_DMA_Abort_IT)
    HAL_Delay                                0x08000325   Thumb Code    32  stm32f1xx_hal.o(i.HAL_Delay)
    HAL_GPIO_Init                            0x08000349   Thumb Code   446  stm32f1xx_hal_gpio.o(i.HAL_GPIO_Init)
    HAL_GPIO_WritePin                        0x08000529   Thumb Code    10  stm32f1xx_hal_gpio.o(i.HAL_GPIO_WritePin)
    HAL_GetTick                              0x08000535   Thumb Code     6  stm32f1xx_hal.o(i.HAL_GetTick)
    HAL_IncTick                              0x08000541   Thumb Code    12  stm32f1xx_hal.o(i.HAL_IncTick)
    HAL_Init                                 0x08000551   Thumb Code    32  stm32f1xx_hal.o(i.HAL_Init)
    HAL_InitTick                             0x08000575   Thumb Code    54  stm32f1xx_hal.o(i.HAL_InitTick)
    HAL_MspInit                              0x080005b5   Thumb Code    52  stm32f1xx_hal_msp.o(i.HAL_MspInit)
    HAL_NVIC_EnableIRQ                       0x080005f1   Thumb Code    26  stm32f1xx_hal_cortex.o(i.HAL_NVIC_EnableIRQ)
    HAL_NVIC_SetPriority                     0x0800060d   Thumb Code    60  stm32f1xx_hal_cortex.o(i.HAL_NVIC_SetPriority)
    HAL_NVIC_SetPriorityGrouping             0x0800064d   Thumb Code    26  stm32f1xx_hal_cortex.o(i.HAL_NVIC_SetPriorityGrouping)
    HAL_RCC_ClockConfig                      0x08000671   Thumb Code   280  stm32f1xx_hal_rcc.o(i.HAL_RCC_ClockConfig)
    HAL_RCC_GetPCLK1Freq                     0x0800079d   Thumb Code    20  stm32f1xx_hal_rcc.o(i.HAL_RCC_GetPCLK1Freq)
    HAL_RCC_GetPCLK2Freq                     0x080007bd   Thumb Code    20  stm32f1xx_hal_rcc.o(i.HAL_RCC_GetPCLK2Freq)
    HAL_RCC_GetSysClockFreq                  0x080007dd   Thumb Code    58  stm32f1xx_hal_rcc.o(i.HAL_RCC_GetSysClockFreq)
    HAL_RCC_OscConfig                        0x08000829   Thumb Code   778  stm32f1xx_hal_rcc.o(i.HAL_RCC_OscConfig)
    HAL_SPI_Init                             0x08000b49   Thumb Code   178  stm32f1xx_hal_spi.o(i.HAL_SPI_Init)
    HAL_SPI_MspInit                          0x08000bfd   Thumb Code   102  spi.o(i.HAL_SPI_MspInit)
    HAL_SPI_Transmit                         0x08000c71   Thumb Code   358  stm32f1xx_hal_spi.o(i.HAL_SPI_Transmit)
    HAL_SYSTICK_Config                       0x08000dd7   Thumb Code    40  stm32f1xx_hal_cortex.o(i.HAL_SYSTICK_Config)
    HAL_TIMEx_ConfigBreakDeadTime            0x08000dff   Thumb Code    84  stm32f1xx_hal_tim_ex.o(i.HAL_TIMEx_ConfigBreakDeadTime)
    HAL_TIMEx_MasterConfigSynchronization    0x08000e55   Thumb Code    92  stm32f1xx_hal_tim_ex.o(i.HAL_TIMEx_MasterConfigSynchronization)
    HAL_TIM_Base_Init                        0x08000ebd   Thumb Code    90  stm32f1xx_hal_tim.o(i.HAL_TIM_Base_Init)
    HAL_TIM_Base_MspInit                     0x08000f19   Thumb Code    74  tim.o(i.HAL_TIM_Base_MspInit)
    HAL_TIM_ConfigClockSource                0x08000f71   Thumb Code   220  stm32f1xx_hal_tim.o(i.HAL_TIM_ConfigClockSource)
    HAL_TIM_MspPostInit                      0x0800104d   Thumb Code   114  tim.o(i.HAL_TIM_MspPostInit)
    HAL_TIM_PWM_ConfigChannel                0x080010d1   Thumb Code   204  stm32f1xx_hal_tim.o(i.HAL_TIM_PWM_ConfigChannel)
    HAL_TIM_PWM_Init                         0x0800119d   Thumb Code    90  stm32f1xx_hal_tim.o(i.HAL_TIM_PWM_Init)
    HAL_TIM_PWM_MspInit                      0x080011f7   Thumb Code     2  stm32f1xx_hal_tim.o(i.HAL_TIM_PWM_MspInit)
    HAL_TIM_PWM_Start                        0x080011f9   Thumb Code   144  stm32f1xx_hal_tim.o(i.HAL_TIM_PWM_Start)
    HAL_UARTEx_RxEventCallback               0x08001295   Thumb Code     2  stm32f1xx_hal_uart.o(i.HAL_UARTEx_RxEventCallback)
    HAL_UART_ErrorCallback                   0x08001297   Thumb Code     2  stm32f1xx_hal_uart.o(i.HAL_UART_ErrorCallback)
    HAL_UART_IRQHandler                      0x08001299   Thumb Code   616  stm32f1xx_hal_uart.o(i.HAL_UART_IRQHandler)
    HAL_UART_Init                            0x08001505   Thumb Code   100  stm32f1xx_hal_uart.o(i.HAL_UART_Init)
    HAL_UART_MspInit                         0x08001569   Thumb Code   198  usart.o(i.HAL_UART_MspInit)
    HAL_UART_Receive_IT                      0x08001641   Thumb Code    28  stm32f1xx_hal_uart.o(i.HAL_UART_Receive_IT)
    HAL_UART_RxCpltCallback                  0x0800165d   Thumb Code    48  usart.o(i.HAL_UART_RxCpltCallback)
    HAL_UART_Transmit                        0x0800169d   Thumb Code   160  stm32f1xx_hal_uart.o(i.HAL_UART_Transmit)
    HAL_UART_TxCpltCallback                  0x0800173d   Thumb Code     2  stm32f1xx_hal_uart.o(i.HAL_UART_TxCpltCallback)
    HardFault_Handler                        0x0800173f   Thumb Code     2  stm32f1xx_it.o(i.HardFault_Handler)
    MX_GPIO_Init                             0x08001741   Thumb Code   104  gpio.o(i.MX_GPIO_Init)
    MX_SPI2_Init                             0x080017b1   Thumb Code    60  spi.o(i.MX_SPI2_Init)
    MX_TIM1_Init                             0x080017f5   Thumb Code   190  tim.o(i.MX_TIM1_Init)
    MX_TIM2_Init                             0x080018bd   Thumb Code   162  tim.o(i.MX_TIM2_Init)
    MX_TIM3_Init                             0x08001965   Thumb Code   160  tim.o(i.MX_TIM3_Init)
    MX_USART1_UART_Init                      0x08001a0d   Thumb Code    48  usart.o(i.MX_USART1_UART_Init)
    MX_USART2_UART_Init                      0x08001a45   Thumb Code    48  usart.o(i.MX_USART2_UART_Init)
    MemManage_Handler                        0x08001a7d   Thumb Code     2  stm32f1xx_it.o(i.MemManage_Handler)
    NMI_Handler                              0x08001a7f   Thumb Code     2  stm32f1xx_it.o(i.NMI_Handler)
    PcdAntennaOff                            0x08001a81   Thumb Code     8  rc522.o(i.PcdAntennaOff)
    PcdAntennaOn                             0x08001a89   Thumb Code    26  rc522.o(i.PcdAntennaOn)
    PcdAnticoll                              0x08001aa3   Thumb Code   106  rc522.o(i.PcdAnticoll)
    PcdComMF522                              0x08001b0d   Thumb Code   276  rc522.o(i.PcdComMF522)
    PcdRequest                               0x08001c21   Thumb Code    80  rc522.o(i.PcdRequest)
    PcdReset                                 0x08001c71   Thumb Code   120  rc522.o(i.PcdReset)
    PendSV_Handler                           0x08001ced   Thumb Code     2  stm32f1xx_it.o(i.PendSV_Handler)
    RC522_Init                               0x08001cf1   Thumb Code    80  rc522.o(i.RC522_Init)
    RC522_ReadWriteByte                      0x08001d79   Thumb Code    26  rc522.o(i.RC522_ReadWriteByte)
    ReadRawRC                                0x08001d99   Thumb Code    74  rc522.o(i.ReadRawRC)
    ReaderCard                               0x08001de9   Thumb Code   174  rc522.o(i.ReaderCard)
    STM32_PWM_Start                          0x08001fd5   Thumb Code    28  dc_motor.o(i.STM32_PWM_Start)
    STM32_PWM_Stop                           0x08001ff1   Thumb Code    30  dc_motor.o(i.STM32_PWM_Stop)
    SVC_Handler                              0x0800200f   Thumb Code     2  stm32f1xx_it.o(i.SVC_Handler)
    SetBitMask                               0x08002011   Thumb Code    24  rc522.o(i.SetBitMask)
    SysTick_Handler                          0x08002029   Thumb Code     4  stm32f1xx_it.o(i.SysTick_Handler)
    SystemClock_Config                       0x0800202d   Thumb Code    94  main.o(i.SystemClock_Config)
    SystemInit                               0x0800208b   Thumb Code     2  system_stm32f1xx.o(i.SystemInit)
    TIM_Base_SetConfig                       0x0800208d   Thumb Code   108  stm32f1xx_hal_tim.o(i.TIM_Base_SetConfig)
    TIM_CCxChannelCmd                        0x08002105   Thumb Code    26  stm32f1xx_hal_tim.o(i.TIM_CCxChannelCmd)
    TIM_ETR_SetConfig                        0x0800211f   Thumb Code    20  stm32f1xx_hal_tim.o(i.TIM_ETR_SetConfig)
    TIM_OC2_SetConfig                        0x08002195   Thumb Code    84  stm32f1xx_hal_tim.o(i.TIM_OC2_SetConfig)
    UART_Start_Receive_IT                    0x080024a9   Thumb Code    54  stm32f1xx_hal_uart.o(i.UART_Start_Receive_IT)
    USART1_IRQHandler                        0x08002551   Thumb Code     6  stm32f1xx_it.o(i.USART1_IRQHandler)
    USART2_IRQHandler                        0x0800255d   Thumb Code     6  stm32f1xx_it.o(i.USART2_IRQHandler)
    UsageFault_Handler                       0x08002569   Thumb Code     2  stm32f1xx_it.o(i.UsageFault_Handler)
    WriteRawRC                               0x0800256d   Thumb Code    72  rc522.o(i.WriteRawRC)
    __0printf$8                              0x080025b9   Thumb Code    22  printf8.o(i.__0printf$8)
    __1printf$8                              0x080025b9   Thumb Code     0  printf8.o(i.__0printf$8)
    __2printf                                0x080025b9   Thumb Code     0  printf8.o(i.__0printf$8)
    __scatterload_copy                       0x080025f9   Thumb Code    14  handlers.o(i.__scatterload_copy)
    __scatterload_null                       0x08002607   Thumb Code     2  handlers.o(i.__scatterload_null)
    __scatterload_zeroinit                   0x08002609   Thumb Code    14  handlers.o(i.__scatterload_zeroinit)
    airConditioner_cool                      0x08002a7d   Thumb Code    70  dc_motor.o(i.airConditioner_cool)
    airConditioner_heat                      0x08002ae1   Thumb Code    96  dc_motor.o(i.airConditioner_heat)
    airConditioner_init                      0x08002bb9   Thumb Code    22  dc_motor.o(i.airConditioner_init)
    airConditioner_stop                      0x08002bd5   Thumb Code    28  dc_motor.o(i.airConditioner_stop)
    curtain_close_angle                      0x08002bfd   Thumb Code    42  step_motor.o(i.curtain_close_angle)
    curtain_open_angle                       0x08002c2d   Thumb Code    42  step_motor.o(i.curtain_open_angle)
    delay_ns                                 0x08002c5d   Thumb Code    18  rc522.o(i.delay_ns)
    door_close                               0x08002c71   Thumb Code    42  sg90.o(i.door_close)
    door_open                                0x08002ce5   Thumb Code    46  sg90.o(i.door_open)
    fputc                                    0x08002d5d   Thumb Code    20  usart.o(i.fputc)
    main                                     0x08002d75   Thumb Code    92  main.o(i.main)
    parse_received_data                      0x08002dd9   Thumb Code    74  usart.o(i.parse_received_data)
    process_device_command                   0x08002e25   Thumb Code   106  usart.o(i.process_device_command)
    send_response                            0x08002ead   Thumb Code    94  usart.o(i.send_response)
    set_sg90_2_angle                         0x08002f25   Thumb Code    32  sg90.o(i.set_sg90_2_angle)
    set_sg90_angle                           0x08002f49   Thumb Code    32  sg90.o(i.set_sg90_angle)
    sg90_init                                0x08002f6d   Thumb Code    30  sg90.o(i.sg90_init)
    step_motor_run                           0x08002f95   Thumb Code   316  step_motor.o(i.step_motor_run)
    usart1_rx_process                        0x080030d5   Thumb Code    86  usart.o(i.usart1_rx_process)
    usart2_rx_process                        0x0800317d   Thumb Code    86  usart.o(i.usart2_rx_process)
    usart_init                               0x08003225   Thumb Code    30  usart.o(i.usart_init)
    AHBPrescTable                            0x0800325e   Data          16  system_stm32f1xx.o(.constdata)
    APBPrescTable                            0x0800326e   Data           8  system_stm32f1xx.o(.constdata)
    Region$$Table$$Base                      0x08003288   Number         0  anon$$obj.o(Region$$Table)
    Region$$Table$$Limit                     0x080032a8   Number         0  anon$$obj.o(Region$$Table)
    usart1_data_ready                        0x20000000   Data           1  usart.o(.data)
    usart2_data_ready                        0x20000001   Data           1  usart.o(.data)
    usart1_receive_buffer                    0x20000002   Data           4  usart.o(.data)
    usart2_receive_buffer                    0x20000006   Data           4  usart.o(.data)
    uwTickFreq                               0x2000000c   Data           1  stm32f1xx_hal.o(.data)
    uwTickPrio                               0x20000010   Data           4  stm32f1xx_hal.o(.data)
    uwTick                                   0x20000014   Data           4  stm32f1xx_hal.o(.data)
    SystemCoreClock                          0x20000018   Data           4  system_stm32f1xx.o(.data)
    Temp                                     0x20000024   Data           4  rc522.o(.data)
    UID                                      0x20000028   Data           5  rc522.o(.data)
    cur_angle                                0x2000002e   Data           2  step_motor.o(.data)
    door_state                               0x20000030   Data           1  sg90.o(.data)
    cur_state                                0x20000034   Data           1  dc_motor.o(.data)
    speed_array                              0x20000038   Data          12  dc_motor.o(.data)
    __stdout                                 0x20000044   Data           4  stdout.o(.data)
    hspi2                                    0x20000048   Data          88  spi.o(.bss)
    htim1                                    0x200000a0   Data          72  tim.o(.bss)
    htim2                                    0x200000e8   Data          72  tim.o(.bss)
    htim3                                    0x20000130   Data          72  tim.o(.bss)
    huart1                                   0x20000178   Data          72  usart.o(.bss)
    huart2                                   0x200001c0   Data          72  usart.o(.bss)
    __initial_sp                             0x20000608   Data           0  startup_stm32f103xb.o(STACK)



==============================================================================

Memory Map of the image

  Image Entry point : 0x080000ed

  Load Region LR_IROM1 (Base: 0x08000000, Size: 0x000032f0, Max: 0x00010000, ABSOLUTE)

    Execution Region ER_IROM1 (Exec base: 0x08000000, Load base: 0x08000000, Size: 0x000032a8, Max: 0x00010000, ABSOLUTE)

    Exec Addr    Load Addr    Size         Type   Attr      Idx    E Section Name        Object

    0x08000000   0x08000000   0x000000ec   Data   RO            3    RESET               startup_stm32f103xb.o
    0x080000ec   0x080000ec   0x00000000   Code   RO         3541  * .ARM.Collect$$$$00000000  mc_w.l(entry.o)
    0x080000ec   0x080000ec   0x00000004   Code   RO         3811    .ARM.Collect$$$$00000001  mc_w.l(entry2.o)
    0x080000f0   0x080000f0   0x00000004   Code   RO         3814    .ARM.Collect$$$$00000004  mc_w.l(entry5.o)
    0x080000f4   0x080000f4   0x00000000   Code   RO         3816    .ARM.Collect$$$$00000008  mc_w.l(entry7b.o)
    0x080000f4   0x080000f4   0x00000000   Code   RO         3818    .ARM.Collect$$$$0000000A  mc_w.l(entry8b.o)
    0x080000f4   0x080000f4   0x00000008   Code   RO         3819    .ARM.Collect$$$$0000000B  mc_w.l(entry9a.o)
    0x080000fc   0x080000fc   0x00000000   Code   RO         3821    .ARM.Collect$$$$0000000D  mc_w.l(entry10a.o)
    0x080000fc   0x080000fc   0x00000000   Code   RO         3823    .ARM.Collect$$$$0000000F  mc_w.l(entry11a.o)
    0x080000fc   0x080000fc   0x00000004   Code   RO         3812    .ARM.Collect$$$$00002712  mc_w.l(entry2.o)
    0x08000100   0x08000100   0x00000024   Code   RO            4    .text               startup_stm32f103xb.o
    0x08000124   0x08000124   0x00000020   Code   RO         3544    .text               mc_w.l(llushr.o)
    0x08000144   0x08000144   0x00000024   Code   RO         3546    .text               mc_w.l(memseta.o)
    0x08000168   0x08000168   0x0000001a   Code   RO         3548    .text               mc_w.l(memcmp.o)
    0x08000182   0x08000182   0x00000062   Code   RO         3828    .text               mc_w.l(uldiv.o)
    0x080001e4   0x080001e4   0x00000024   Code   RO         3841    .text               mc_w.l(init.o)
    0x08000208   0x08000208   0x0000001e   Code   RO         3843    .text               mc_w.l(llshl.o)
    0x08000226   0x08000226   0x00000002   Code   RO          405    i.BusFault_Handler  stm32f1xx_it.o
    0x08000228   0x08000228   0x00000018   Code   RO         3226    i.ClearBitMask      rc522.o
    0x08000240   0x08000240   0x00000002   Code   RO          406    i.DebugMon_Handler  stm32f1xx_it.o
    0x08000242   0x08000242   0x00000004   Code   RO           13    i.Error_Handler     main.o
    0x08000246   0x08000246   0x00000046   Code   RO         1256    i.HAL_DMA_Abort     stm32f1xx_hal_dma.o
    0x0800028c   0x0800028c   0x00000098   Code   RO         1257    i.HAL_DMA_Abort_IT  stm32f1xx_hal_dma.o
    0x08000324   0x08000324   0x00000024   Code   RO          882    i.HAL_Delay         stm32f1xx_hal.o
    0x08000348   0x08000348   0x000001e0   Code   RO         1192    i.HAL_GPIO_Init     stm32f1xx_hal_gpio.o
    0x08000528   0x08000528   0x0000000a   Code   RO         1196    i.HAL_GPIO_WritePin  stm32f1xx_hal_gpio.o
    0x08000532   0x08000532   0x00000002   PAD
    0x08000534   0x08000534   0x0000000c   Code   RO          886    i.HAL_GetTick       stm32f1xx_hal.o
    0x08000540   0x08000540   0x00000010   Code   RO          892    i.HAL_IncTick       stm32f1xx_hal.o
    0x08000550   0x08000550   0x00000024   Code   RO          893    i.HAL_Init          stm32f1xx_hal.o
    0x08000574   0x08000574   0x00000040   Code   RO          894    i.HAL_InitTick      stm32f1xx_hal.o
    0x080005b4   0x080005b4   0x0000003c   Code   RO          493    i.HAL_MspInit       stm32f1xx_hal_msp.o
    0x080005f0   0x080005f0   0x0000001a   Code   RO         1352    i.HAL_NVIC_EnableIRQ  stm32f1xx_hal_cortex.o
    0x0800060a   0x0800060a   0x00000002   PAD
    0x0800060c   0x0800060c   0x00000040   Code   RO         1358    i.HAL_NVIC_SetPriority  stm32f1xx_hal_cortex.o
    0x0800064c   0x0800064c   0x00000024   Code   RO         1359    i.HAL_NVIC_SetPriorityGrouping  stm32f1xx_hal_cortex.o
    0x08000670   0x08000670   0x0000012c   Code   RO         1050    i.HAL_RCC_ClockConfig  stm32f1xx_hal_rcc.o
    0x0800079c   0x0800079c   0x00000020   Code   RO         1057    i.HAL_RCC_GetPCLK1Freq  stm32f1xx_hal_rcc.o
    0x080007bc   0x080007bc   0x00000020   Code   RO         1058    i.HAL_RCC_GetPCLK2Freq  stm32f1xx_hal_rcc.o
    0x080007dc   0x080007dc   0x0000004c   Code   RO         1059    i.HAL_RCC_GetSysClockFreq  stm32f1xx_hal_rcc.o
    0x08000828   0x08000828   0x00000320   Code   RO         1062    i.HAL_RCC_OscConfig  stm32f1xx_hal_rcc.o
    0x08000b48   0x08000b48   0x000000b2   Code   RO          564    i.HAL_SPI_Init      stm32f1xx_hal_spi.o
    0x08000bfa   0x08000bfa   0x00000002   PAD
    0x08000bfc   0x08000bfc   0x00000074   Code   RO          203    i.HAL_SPI_MspInit   spi.o
    0x08000c70   0x08000c70   0x00000166   Code   RO          572    i.HAL_SPI_Transmit  stm32f1xx_hal_spi.o
    0x08000dd6   0x08000dd6   0x00000028   Code   RO         1363    i.HAL_SYSTICK_Config  stm32f1xx_hal_cortex.o
    0x08000dfe   0x08000dfe   0x00000054   Code   RO         2561    i.HAL_TIMEx_ConfigBreakDeadTime  stm32f1xx_hal_tim_ex.o
    0x08000e52   0x08000e52   0x00000002   PAD
    0x08000e54   0x08000e54   0x00000068   Code   RO         2577    i.HAL_TIMEx_MasterConfigSynchronization  stm32f1xx_hal_tim_ex.o
    0x08000ebc   0x08000ebc   0x0000005a   Code   RO         1854    i.HAL_TIM_Base_Init  stm32f1xx_hal_tim.o
    0x08000f16   0x08000f16   0x00000002   PAD
    0x08000f18   0x08000f18   0x00000058   Code   RO          245    i.HAL_TIM_Base_MspInit  tim.o
    0x08000f70   0x08000f70   0x000000dc   Code   RO         1863    i.HAL_TIM_ConfigClockSource  stm32f1xx_hal_tim.o
    0x0800104c   0x0800104c   0x00000084   Code   RO          246    i.HAL_TIM_MspPostInit  tim.o
    0x080010d0   0x080010d0   0x000000cc   Code   RO         1926    i.HAL_TIM_PWM_ConfigChannel  stm32f1xx_hal_tim.o
    0x0800119c   0x0800119c   0x0000005a   Code   RO         1929    i.HAL_TIM_PWM_Init  stm32f1xx_hal_tim.o
    0x080011f6   0x080011f6   0x00000002   Code   RO         1931    i.HAL_TIM_PWM_MspInit  stm32f1xx_hal_tim.o
    0x080011f8   0x080011f8   0x0000009c   Code   RO         1934    i.HAL_TIM_PWM_Start  stm32f1xx_hal_tim.o
    0x08001294   0x08001294   0x00000002   Code   RO         2837    i.HAL_UARTEx_RxEventCallback  stm32f1xx_hal_uart.o
    0x08001296   0x08001296   0x00000002   Code   RO         2851    i.HAL_UART_ErrorCallback  stm32f1xx_hal_uart.o
    0x08001298   0x08001298   0x0000026c   Code   RO         2854    i.HAL_UART_IRQHandler  stm32f1xx_hal_uart.o
    0x08001504   0x08001504   0x00000064   Code   RO         2855    i.HAL_UART_Init     stm32f1xx_hal_uart.o
    0x08001568   0x08001568   0x000000d8   Code   RO          305    i.HAL_UART_MspInit  usart.o
    0x08001640   0x08001640   0x0000001c   Code   RO         2860    i.HAL_UART_Receive_IT  stm32f1xx_hal_uart.o
    0x0800165c   0x0800165c   0x00000040   Code   RO          306    i.HAL_UART_RxCpltCallback  usart.o
    0x0800169c   0x0800169c   0x000000a0   Code   RO         2863    i.HAL_UART_Transmit  stm32f1xx_hal_uart.o
    0x0800173c   0x0800173c   0x00000002   Code   RO         2866    i.HAL_UART_TxCpltCallback  stm32f1xx_hal_uart.o
    0x0800173e   0x0800173e   0x00000002   Code   RO          407    i.HardFault_Handler  stm32f1xx_it.o
    0x08001740   0x08001740   0x00000070   Code   RO          178    i.MX_GPIO_Init      gpio.o
    0x080017b0   0x080017b0   0x00000044   Code   RO          204    i.MX_SPI2_Init      spi.o
    0x080017f4   0x080017f4   0x000000c8   Code   RO          247    i.MX_TIM1_Init      tim.o
    0x080018bc   0x080018bc   0x000000a8   Code   RO          248    i.MX_TIM2_Init      tim.o
    0x08001964   0x08001964   0x000000a8   Code   RO          249    i.MX_TIM3_Init      tim.o
    0x08001a0c   0x08001a0c   0x00000038   Code   RO          307    i.MX_USART1_UART_Init  usart.o
    0x08001a44   0x08001a44   0x00000038   Code   RO          308    i.MX_USART2_UART_Init  usart.o
    0x08001a7c   0x08001a7c   0x00000002   Code   RO          408    i.MemManage_Handler  stm32f1xx_it.o
    0x08001a7e   0x08001a7e   0x00000002   Code   RO          409    i.NMI_Handler       stm32f1xx_it.o
    0x08001a80   0x08001a80   0x00000008   Code   RO         3229    i.PcdAntennaOff     rc522.o
    0x08001a88   0x08001a88   0x0000001a   Code   RO         3230    i.PcdAntennaOn      rc522.o
    0x08001aa2   0x08001aa2   0x0000006a   Code   RO         3231    i.PcdAnticoll       rc522.o
    0x08001b0c   0x08001b0c   0x00000114   Code   RO         3232    i.PcdComMF522       rc522.o
    0x08001c20   0x08001c20   0x00000050   Code   RO         3233    i.PcdRequest        rc522.o
    0x08001c70   0x08001c70   0x0000007c   Code   RO         3234    i.PcdReset          rc522.o
    0x08001cec   0x08001cec   0x00000002   Code   RO          410    i.PendSV_Handler    stm32f1xx_it.o
    0x08001cee   0x08001cee   0x00000002   PAD
    0x08001cf0   0x08001cf0   0x00000088   Code   RO         3235    i.RC522_Init        rc522.o
    0x08001d78   0x08001d78   0x00000020   Code   RO         3236    i.RC522_ReadWriteByte  rc522.o
    0x08001d98   0x08001d98   0x00000050   Code   RO         3237    i.ReadRawRC         rc522.o
    0x08001de8   0x08001de8   0x00000100   Code   RO         3238    i.ReaderCard        rc522.o
    0x08001ee8   0x08001ee8   0x00000034   Code   RO          602    i.SPI_EndRxTxTransaction  stm32f1xx_hal_spi.o
    0x08001f1c   0x08001f1c   0x000000b8   Code   RO          607    i.SPI_WaitFlagStateUntilTimeout  stm32f1xx_hal_spi.o
    0x08001fd4   0x08001fd4   0x0000001c   Code   RO         3473    i.STM32_PWM_Start   dc_motor.o
    0x08001ff0   0x08001ff0   0x0000001e   Code   RO         3474    i.STM32_PWM_Stop    dc_motor.o
    0x0800200e   0x0800200e   0x00000002   Code   RO          411    i.SVC_Handler       stm32f1xx_it.o
    0x08002010   0x08002010   0x00000018   Code   RO         3239    i.SetBitMask        rc522.o
    0x08002028   0x08002028   0x00000004   Code   RO          412    i.SysTick_Handler   stm32f1xx_it.o
    0x0800202c   0x0800202c   0x0000005e   Code   RO           14    i.SystemClock_Config  main.o
    0x0800208a   0x0800208a   0x00000002   Code   RO         3189    i.SystemInit        system_stm32f1xx.o
    0x0800208c   0x0800208c   0x00000078   Code   RO         1947    i.TIM_Base_SetConfig  stm32f1xx_hal_tim.o
    0x08002104   0x08002104   0x0000001a   Code   RO         1948    i.TIM_CCxChannelCmd  stm32f1xx_hal_tim.o
    0x0800211e   0x0800211e   0x00000014   Code   RO         1958    i.TIM_ETR_SetConfig  stm32f1xx_hal_tim.o
    0x08002132   0x08002132   0x00000010   Code   RO         1959    i.TIM_ITRx_SetConfig  stm32f1xx_hal_tim.o
    0x08002142   0x08002142   0x00000002   PAD
    0x08002144   0x08002144   0x00000050   Code   RO         1960    i.TIM_OC1_SetConfig  stm32f1xx_hal_tim.o
    0x08002194   0x08002194   0x00000058   Code   RO         1961    i.TIM_OC2_SetConfig  stm32f1xx_hal_tim.o
    0x080021ec   0x080021ec   0x00000058   Code   RO         1962    i.TIM_OC3_SetConfig  stm32f1xx_hal_tim.o
    0x08002244   0x08002244   0x00000044   Code   RO         1963    i.TIM_OC4_SetConfig  stm32f1xx_hal_tim.o
    0x08002288   0x08002288   0x00000022   Code   RO         1965    i.TIM_TI1_ConfigInputStage  stm32f1xx_hal_tim.o
    0x080022aa   0x080022aa   0x00000024   Code   RO         1967    i.TIM_TI2_ConfigInputStage  stm32f1xx_hal_tim.o
    0x080022ce   0x080022ce   0x00000010   Code   RO         2868    i.UART_DMAAbortOnError  stm32f1xx_hal_uart.o
    0x080022de   0x080022de   0x0000004e   Code   RO         2878    i.UART_EndRxTransfer  stm32f1xx_hal_uart.o
    0x0800232c   0x0800232c   0x000000c2   Code   RO         2880    i.UART_Receive_IT   stm32f1xx_hal_uart.o
    0x080023ee   0x080023ee   0x00000002   PAD
    0x080023f0   0x080023f0   0x000000b8   Code   RO         2881    i.UART_SetConfig    stm32f1xx_hal_uart.o
    0x080024a8   0x080024a8   0x00000036   Code   RO         2883    i.UART_Start_Receive_IT  stm32f1xx_hal_uart.o
    0x080024de   0x080024de   0x00000072   Code   RO         2884    i.UART_WaitOnFlagUntilTimeout  stm32f1xx_hal_uart.o
    0x08002550   0x08002550   0x0000000c   Code   RO          413    i.USART1_IRQHandler  stm32f1xx_it.o
    0x0800255c   0x0800255c   0x0000000c   Code   RO          414    i.USART2_IRQHandler  stm32f1xx_it.o
    0x08002568   0x08002568   0x00000002   Code   RO          415    i.UsageFault_Handler  stm32f1xx_it.o
    0x0800256a   0x0800256a   0x00000002   PAD
    0x0800256c   0x0800256c   0x0000004c   Code   RO         3240    i.WriteRawRC        rc522.o
    0x080025b8   0x080025b8   0x00000020   Code   RO         3757    i.__0printf$8       mc_w.l(printf8.o)
    0x080025d8   0x080025d8   0x00000020   Code   RO         1365    i.__NVIC_SetPriority  stm32f1xx_hal_cortex.o
    0x080025f8   0x080025f8   0x0000000e   Code   RO         3851    i.__scatterload_copy  mc_w.l(handlers.o)
    0x08002606   0x08002606   0x00000002   Code   RO         3852    i.__scatterload_null  mc_w.l(handlers.o)
    0x08002608   0x08002608   0x0000000e   Code   RO         3853    i.__scatterload_zeroinit  mc_w.l(handlers.o)
    0x08002616   0x08002616   0x00000002   PAD
    0x08002618   0x08002618   0x00000410   Code   RO         3764    i._printf_core      mc_w.l(printf8.o)
    0x08002a28   0x08002a28   0x00000024   Code   RO         3765    i._printf_post_padding  mc_w.l(printf8.o)
    0x08002a4c   0x08002a4c   0x0000002e   Code   RO         3766    i._printf_pre_padding  mc_w.l(printf8.o)
    0x08002a7a   0x08002a7a   0x00000002   PAD
    0x08002a7c   0x08002a7c   0x00000064   Code   RO         3475    i.airConditioner_cool  dc_motor.o
    0x08002ae0   0x08002ae0   0x000000d8   Code   RO         3477    i.airConditioner_heat  dc_motor.o
    0x08002bb8   0x08002bb8   0x0000001c   Code   RO         3478    i.airConditioner_init  dc_motor.o
    0x08002bd4   0x08002bd4   0x00000028   Code   RO         3479    i.airConditioner_stop  dc_motor.o
    0x08002bfc   0x08002bfc   0x00000030   Code   RO         3347    i.curtain_close_angle  step_motor.o
    0x08002c2c   0x08002c2c   0x00000030   Code   RO         3350    i.curtain_open_angle  step_motor.o
    0x08002c5c   0x08002c5c   0x00000012   Code   RO         3241    i.delay_ns          rc522.o
    0x08002c6e   0x08002c6e   0x00000002   PAD
    0x08002c70   0x08002c70   0x00000074   Code   RO         3403    i.door_close        sg90.o
    0x08002ce4   0x08002ce4   0x00000078   Code   RO         3405    i.door_open         sg90.o
    0x08002d5c   0x08002d5c   0x00000018   Code   RO          309    i.fputc             usart.o
    0x08002d74   0x08002d74   0x00000064   Code   RO           15    i.main              main.o
    0x08002dd8   0x08002dd8   0x0000004a   Code   RO          310    i.parse_received_data  usart.o
    0x08002e22   0x08002e22   0x00000002   PAD
    0x08002e24   0x08002e24   0x00000088   Code   RO          311    i.process_device_command  usart.o
    0x08002eac   0x08002eac   0x00000078   Code   RO          312    i.send_response     usart.o
    0x08002f24   0x08002f24   0x00000024   Code   RO         3406    i.set_sg90_2_angle  sg90.o
    0x08002f48   0x08002f48   0x00000024   Code   RO         3408    i.set_sg90_angle    sg90.o
    0x08002f6c   0x08002f6c   0x00000028   Code   RO         3409    i.sg90_init         sg90.o
    0x08002f94   0x08002f94   0x00000140   Code   RO         3351    i.step_motor_run    step_motor.o
    0x080030d4   0x080030d4   0x000000a8   Code   RO          313    i.usart1_rx_process  usart.o
    0x0800317c   0x0800317c   0x000000a8   Code   RO          314    i.usart2_rx_process  usart.o
    0x08003224   0x08003224   0x00000028   Code   RO          315    i.usart_init        usart.o
    0x0800324c   0x0800324c   0x00000012   Data   RO         1063    .constdata          stm32f1xx_hal_rcc.o
    0x0800325e   0x0800325e   0x00000010   Data   RO         3190    .constdata          system_stm32f1xx.o
    0x0800326e   0x0800326e   0x00000008   Data   RO         3191    .constdata          system_stm32f1xx.o
    0x08003276   0x08003276   0x00000002   PAD
    0x08003278   0x08003278   0x0000000d   Data   RO         3243    .constdata          rc522.o
    0x08003285   0x08003285   0x00000003   PAD
    0x08003288   0x08003288   0x00000020   Data   RO         3849    Region$$Table       anon$$obj.o


    Execution Region RW_IRAM1 (Exec base: 0x20000000, Load base: 0x080032a8, Size: 0x00000608, Max: 0x00005000, ABSOLUTE)

    Exec Addr    Load Addr    Size         Type   Attr      Idx    E Section Name        Object

    0x20000000   0x080032a8   0x0000000a   Data   RW          317    .data               usart.o
    0x2000000a   0x080032b2   0x00000002   PAD
    0x2000000c   0x080032b4   0x0000000c   Data   RW          900    .data               stm32f1xx_hal.o
    0x20000018   0x080032c0   0x00000004   Data   RW         3192    .data               system_stm32f1xx.o
    0x2000001c   0x080032c4   0x00000011   Data   RW         3245    .data               rc522.o
    0x2000002d   0x080032d5   0x00000001   PAD
    0x2000002e   0x080032d6   0x00000002   Data   RW         3352    .data               step_motor.o
    0x20000030   0x080032d8   0x00000001   Data   RW         3410    .data               sg90.o
    0x20000031   0x080032d9   0x00000003   PAD
    0x20000034   0x080032dc   0x00000010   Data   RW         3481    .data               dc_motor.o
    0x20000044   0x080032ec   0x00000004   Data   RW         3825    .data               mc_w.l(stdout.o)
    0x20000048        -       0x00000058   Zero   RW          205    .bss                spi.o
    0x200000a0        -       0x000000d8   Zero   RW          250    .bss                tim.o
    0x20000178        -       0x00000090   Zero   RW          316    .bss                usart.o
    0x20000208        -       0x00000400   Zero   RW            1    STACK               startup_stm32f103xb.o


==============================================================================

Image component sizes


      Code (inc. data)   RO Data    RW Data    ZI Data      Debug   Object Name

       442        168          0         16          0       3721   dc_motor.o
       112          8          0          0          0        871   gpio.o
       198          8          0          0          0     435772   main.o
      1266        158         13         17          0       9246   rc522.o
       348        166          0          1          0       3019   sg90.o
       184         22          0          0         88       1585   spi.o
        36          8        236          0       1024        784   startup_stm32f103xb.o
       416         24          0          2          0       2288   step_motor.o
       164         28          0         12          0       5761   stm32f1xx_hal.o
       198         14          0          0          0      28847   stm32f1xx_hal_cortex.o
       222          4          0          0          0       1719   stm32f1xx_hal_dma.o
       490         34          0          0          0       2836   stm32f1xx_hal_gpio.o
        60          8          0          0          0        834   stm32f1xx_hal_msp.o
      1240         84         18          0          0       5016   stm32f1xx_hal_rcc.o
       772          4          0          0          0       4258   stm32f1xx_hal_spi.o
      1338         44          0          0          0      12060   stm32f1xx_hal_tim.o
       188         12          0          0          0       2096   stm32f1xx_hal_tim_ex.o
      1554         10          0          0          0      10708   stm32f1xx_hal_uart.o
        44         12          0          0          0       4554   stm32f1xx_it.o
         2          0         24          4          0       1067   system_stm32f1xx.o
       756         56          0          0        216       3834   tim.o
      1122        284          0         10        144       7745   usart.o

    ----------------------------------------------------------------------
     11174       1156        328         68       1472     548621   Object Totals
         0          0         32          0          0          0   (incl. Generated)
        22          0          5          6          0          0   (incl. Padding)

    ----------------------------------------------------------------------

      Code (inc. data)   RO Data    RW Data    ZI Data      Debug   Library Member Name

         0          0          0          0          0          0   entry.o
         0          0          0          0          0          0   entry10a.o
         0          0          0          0          0          0   entry11a.o
         8          4          0          0          0          0   entry2.o
         4          0          0          0          0          0   entry5.o
         0          0          0          0          0          0   entry7b.o
         0          0          0          0          0          0   entry8b.o
         8          4          0          0          0          0   entry9a.o
        30          0          0          0          0          0   handlers.o
        36          8          0          0          0         68   init.o
        30          0          0          0          0         68   llshl.o
        32          0          0          0          0         68   llushr.o
        26          0          0          0          0         80   memcmp.o
        36          0          0          0          0        108   memseta.o
      1154         54          0          0          0        352   printf8.o
         0          0          0          4          0          0   stdout.o
        98          0          0          0          0         92   uldiv.o

    ----------------------------------------------------------------------
      1466         70          0          4          0        836   Library Totals
         4          0          0          0          0          0   (incl. Padding)

    ----------------------------------------------------------------------

      Code (inc. data)   RO Data    RW Data    ZI Data      Debug   Library Name

      1462         70          0          4          0        836   mc_w.l

    ----------------------------------------------------------------------
      1466         70          0          4          0        836   Library Totals

    ----------------------------------------------------------------------

==============================================================================


      Code (inc. data)   RO Data    RW Data    ZI Data      Debug   

     12640       1226        328         72       1472     543369   Grand Totals
     12640       1226        328         72       1472     543369   ELF Image Totals
     12640       1226        328         72          0          0   ROM Totals

==============================================================================

    Total RO  Size (Code + RO Data)                12968 (  12.66kB)
    Total RW  Size (RW Data + ZI Data)              1544 (   1.51kB)
    Total ROM Size (Code + RO Data + RW Data)      13040 (  12.73kB)

==============================================================================

